---
source: src/main.rs
expression: parsed
input_file: test-data/lua5.2-tests/big.lua
---
[
    IfStatement {
        condition: [
            Ident {
                expr: [
                    Symbol(
                        "_soft",
                    ),
                ],
                line: 1,
            },
        ],
        body: CodeBlock {
            start: 3,
            code: [
                Return(
                    Some(
                        [
                            [
                                Symbol(
                                    "'a'",
                                ),
                            ],
                        ],
                    ),
                ),
            ],
            end: 6,
        },
        next: None,
        line: 3,
        column: 1,
    },
    Ident {
        expr: [
            Symbol(
                "print",
            ),
            Call(
                [
                    [
                        Symbol(
                            "\"testing large tables\"",
                        ),
                    ],
                ],
            ),
        ],
        line: 3,
    },
    Variable {
        names: [
            "debug",
        ],
        values: [
            [
                Ident {
                    expr: [
                        Symbol(
                            "require",
                        ),
                        Call(
                            [
                                [
                                    Symbol(
                                        "\"debug\"",
                                    ),
                                ],
                            ],
                        ),
                    ],
                    line: 7,
                },
            ],
        ],
        line: 9,
        column: 0,
    },
    Variable {
        names: [
            "lim",
        ],
        values: [
            [
                Symbol(
                    "2",
                ),
                Operator(
                    (
                        "^",
                        true,
                    ),
                ),
                Symbol(
                    "18",
                ),
                Operator(
                    (
                        "+",
                        true,
                    ),
                ),
                Symbol(
                    "1000",
                ),
            ],
        ],
        line: 10,
        column: 0,
    },
    Variable {
        names: [
            "prog",
        ],
        values: [
            [
                Table {
                    data: [
                        (
                            None,
                            [
                                Symbol(
                                    "\"local y = {0\"",
                                ),
                            ],
                        ),
                    ],
                    line: 10,
                    column: 6,
                },
            ],
        ],
        line: 11,
        column: 0,
    },
    ForLoop {
        iter: "i",
        start: [
            Symbol(
                "1",
            ),
        ],
        end: [
            Ident {
                expr: [
                    Symbol(
                        "lim",
                    ),
                ],
                line: 11,
            },
        ],
        step: None,
        code: CodeBlock {
            start: 34,
            code: [
                Alter {
                    names: [
                        Ident {
                            expr: [
                                Symbol(
                                    "prog",
                                ),
                                Symbol(
                                    "[",
                                ),
                                Expr(
                                    [
                                        Operator(
                                            (
                                                "#",
                                                false,
                                            ),
                                        ),
                                        Ident {
                                            expr: [
                                                Symbol(
                                                    "prog",
                                                ),
                                            ],
                                            line: 11,
                                        },
                                        Operator(
                                            (
                                                "+",
                                                true,
                                            ),
                                        ),
                                        Symbol(
                                            "1",
                                        ),
                                    ],
                                ),
                                Symbol(
                                    "]",
                                ),
                            ],
                            line: 11,
                        },
                    ],
                    values: [
                        [
                            Ident {
                                expr: [
                                    Symbol(
                                        "i",
                                    ),
                                ],
                                line: 11,
                            },
                        ],
                    ],
                    line: 11,
                    column: 9,
                },
            ],
            end: 44,
        },
        line: 11,
        column: 17,
    },
    Alter {
        names: [
            Ident {
                expr: [
                    Symbol(
                        "prog",
                    ),
                    Symbol(
                        "[",
                    ),
                    Expr(
                        [
                            Operator(
                                (
                                    "#",
                                    false,
                                ),
                            ),
                            Ident {
                                expr: [
                                    Symbol(
                                        "prog",
                                    ),
                                ],
                                line: 12,
                            },
                            Operator(
                                (
                                    "+",
                                    true,
                                ),
                            ),
                            Symbol(
                                "1",
                            ),
                        ],
                    ),
                    Symbol(
                        "]",
                    ),
                ],
                line: 11,
            },
        ],
        values: [
            [
                Symbol(
                    "\"}\\n\"",
                ),
            ],
        ],
        line: 12,
        column: 9,
    },
    Alter {
        names: [
            Ident {
                expr: [
                    Symbol(
                        "prog",
                    ),
                    Symbol(
                        "[",
                    ),
                    Expr(
                        [
                            Operator(
                                (
                                    "#",
                                    false,
                                ),
                            ),
                            Ident {
                                expr: [
                                    Symbol(
                                        "prog",
                                    ),
                                ],
                                line: 13,
                            },
                            Operator(
                                (
                                    "+",
                                    true,
                                ),
                            ),
                            Symbol(
                                "1",
                            ),
                        ],
                    ),
                    Symbol(
                        "]",
                    ),
                ],
                line: 12,
            },
        ],
        values: [
            [
                Symbol(
                    "\"X = y\\n\"",
                ),
            ],
        ],
        line: 13,
        column: 9,
    },
    Alter {
        names: [
            Ident {
                expr: [
                    Symbol(
                        "prog",
                    ),
                    Symbol(
                        "[",
                    ),
                    Expr(
                        [
                            Operator(
                                (
                                    "#",
                                    false,
                                ),
                            ),
                            Ident {
                                expr: [
                                    Symbol(
                                        "prog",
                                    ),
                                ],
                                line: 14,
                            },
                            Operator(
                                (
                                    "+",
                                    true,
                                ),
                            ),
                            Symbol(
                                "1",
                            ),
                        ],
                    ),
                    Symbol(
                        "]",
                    ),
                ],
                line: 13,
            },
        ],
        values: [
            [
                Expr(
                    [
                        Symbol(
                            "\"assert(X[%d] == %d)\"",
                        ),
                    ],
                ),
                Ident {
                    expr: [
                        Symbol(
                            ":",
                        ),
                        Symbol(
                            "format",
                        ),
                        Call(
                            [
                                [
                                    Ident {
                                        expr: [
                                            Symbol(
                                                "lim",
                                            ),
                                        ],
                                        line: 14,
                                    },
                                    Operator(
                                        (
                                            "-",
                                            true,
                                        ),
                                    ),
                                    Symbol(
                                        "1",
                                    ),
                                ],
                                [
                                    Ident {
                                        expr: [
                                            Symbol(
                                                "lim",
                                            ),
                                        ],
                                        line: 14,
                                    },
                                    Operator(
                                        (
                                            "-",
                                            true,
                                        ),
                                    ),
                                    Symbol(
                                        "2",
                                    ),
                                ],
                            ],
                        ),
                    ],
                    line: 14,
                },
            ],
        ],
        line: 14,
        column: 22,
    },
    Alter {
        names: [
            Ident {
                expr: [
                    Symbol(
                        "prog",
                    ),
                    Symbol(
                        "[",
                    ),
                    Expr(
                        [
                            Operator(
                                (
                                    "#",
                                    false,
                                ),
                            ),
                            Ident {
                                expr: [
                                    Symbol(
                                        "prog",
                                    ),
                                ],
                                line: 15,
                            },
                            Operator(
                                (
                                    "+",
                                    true,
                                ),
                            ),
                            Symbol(
                                "1",
                            ),
                        ],
                    ),
                    Symbol(
                        "]",
                    ),
                ],
                line: 14,
            },
        ],
        values: [
            [
                Symbol(
                    "\"return 0\"",
                ),
            ],
        ],
        line: 15,
        column: 9,
    },
    Alter {
        names: [
            Ident {
                expr: [
                    Symbol(
                        "prog",
                    ),
                ],
                line: 15,
            },
        ],
        values: [
            [
                Ident {
                    expr: [
                        Symbol(
                            "table",
                        ),
                        Symbol(
                            ".",
                        ),
                        Symbol(
                            "concat",
                        ),
                        Call(
                            [
                                [
                                    Ident {
                                        expr: [
                                            Symbol(
                                                "prog",
                                            ),
                                        ],
                                        line: 16,
                                    },
                                ],
                                [
                                    Symbol(
                                        "\";\"",
                                    ),
                                ],
                            ],
                        ),
                    ],
                    line: 16,
                },
            ],
        ],
        line: 18,
        column: 0,
    },
    Variable {
        names: [
            "env",
        ],
        values: [
            [
                Table {
                    data: [
                        (
                            Some(
                                [
                                    Symbol(
                                        "string",
                                    ),
                                ],
                            ),
                            [
                                Ident {
                                    expr: [
                                        Symbol(
                                            "string",
                                        ),
                                    ],
                                    line: 18,
                                },
                            ],
                        ),
                        (
                            Some(
                                [
                                    Symbol(
                                        "assert",
                                    ),
                                ],
                            ),
                            [
                                Ident {
                                    expr: [
                                        Symbol(
                                            "assert",
                                        ),
                                    ],
                                    line: 18,
                                },
                            ],
                        ),
                    ],
                    line: 18,
                    column: 12,
                },
            ],
        ],
        line: 19,
        column: 0,
    },
    Variable {
        names: [
            "f",
        ],
        values: [
            [
                Ident {
                    expr: [
                        Symbol(
                            "assert",
                        ),
                        Call(
                            [
                                [
                                    Ident {
                                        expr: [
                                            Symbol(
                                                "load",
                                            ),
                                            Call(
                                                [
                                                    [
                                                        Ident {
                                                            expr: [
                                                                Symbol(
                                                                    "prog",
                                                                ),
                                                            ],
                                                            line: 19,
                                                        },
                                                    ],
                                                    [
                                                        Symbol(
                                                            "nil",
                                                        ),
                                                    ],
                                                    [
                                                        Symbol(
                                                            "nil",
                                                        ),
                                                    ],
                                                    [
                                                        Ident {
                                                            expr: [
                                                                Symbol(
                                                                    "env",
                                                                ),
                                                            ],
                                                            line: 19,
                                                        },
                                                    ],
                                                ],
                                            ),
                                        ],
                                        line: 19,
                                    },
                                ],
                            ],
                        ),
                    ],
                    line: 19,
                },
            ],
        ],
        line: 19,
        column: 16,
    },
    Ident {
        expr: [
            Symbol(
                "f",
            ),
            Call(
                [],
            ),
        ],
        line: 19,
    },
    Ident {
        expr: [
            Symbol(
                "assert",
            ),
            Call(
                [
                    [
                        Ident {
                            expr: [
                                Symbol(
                                    "env",
                                ),
                                Symbol(
                                    ".",
                                ),
                                Symbol(
                                    "X",
                                ),
                                Symbol(
                                    "[",
                                ),
                                Expr(
                                    [
                                        Ident {
                                            expr: [
                                                Symbol(
                                                    "lim",
                                                ),
                                            ],
                                            line: 22,
                                        },
                                    ],
                                ),
                                Symbol(
                                    "]",
                                ),
                            ],
                            line: 22,
                        },
                        Operator(
                            (
                                "==",
                                true,
                            ),
                        ),
                        Ident {
                            expr: [
                                Symbol(
                                    "lim",
                                ),
                            ],
                            line: 22,
                        },
                        Operator(
                            (
                                "-",
                                true,
                            ),
                        ),
                        Symbol(
                            "1",
                        ),
                        Operator(
                            (
                                "and",
                                true,
                            ),
                        ),
                        Ident {
                            expr: [
                                Symbol(
                                    "env",
                                ),
                                Symbol(
                                    ".",
                                ),
                                Symbol(
                                    "X",
                                ),
                                Symbol(
                                    "[",
                                ),
                                Expr(
                                    [
                                        Ident {
                                            expr: [
                                                Symbol(
                                                    "lim",
                                                ),
                                            ],
                                            line: 22,
                                        },
                                        Operator(
                                            (
                                                "+",
                                                true,
                                            ),
                                        ),
                                        Symbol(
                                            "1",
                                        ),
                                    ],
                                ),
                                Symbol(
                                    "]",
                                ),
                            ],
                            line: 22,
                        },
                        Operator(
                            (
                                "==",
                                true,
                            ),
                        ),
                        Ident {
                            expr: [
                                Symbol(
                                    "lim",
                                ),
                            ],
                            line: 22,
                        },
                    ],
                ],
            ),
        ],
        line: 21,
    },
    ForFuncLoop {
        iters: [
            "k",
        ],
        expr: [
            Ident {
                expr: [
                    Symbol(
                        "pairs",
                    ),
                    Call(
                        [
                            [
                                Ident {
                                    expr: [
                                        Symbol(
                                            "env",
                                        ),
                                    ],
                                    line: 23,
                                },
                            ],
                        ],
                    ),
                ],
                line: 23,
            },
        ],
        stop: None,
        initial: None,
        code: CodeBlock {
            start: 166,
            code: [
                Alter {
                    names: [
                        Ident {
                            expr: [
                                Symbol(
                                    "env",
                                ),
                                Symbol(
                                    "[",
                                ),
                                Expr(
                                    [
                                        Ident {
                                            expr: [
                                                Symbol(
                                                    "k",
                                                ),
                                            ],
                                            line: 23,
                                        },
                                    ],
                                ),
                                Symbol(
                                    "]",
                                ),
                            ],
                            line: 23,
                        },
                    ],
                    values: [
                        [
                            Symbol(
                                "nil",
                            ),
                        ],
                    ],
                    line: 23,
                    column: 6,
                },
            ],
            end: 173,
        },
        line: 23,
        column: 15,
    },
    Ident {
        expr: [
            Symbol(
                "setmetatable",
            ),
            Call(
                [
                    [
                        Ident {
                            expr: [
                                Symbol(
                                    "env",
                                ),
                            ],
                            line: 26,
                        },
                    ],
                    [
                        Table {
                            data: [
                                (
                                    Some(
                                        [
                                            Symbol(
                                                "__index",
                                            ),
                                        ],
                                    ),
                                    [
                                        Lambda {
                                            args: [
                                                "t",
                                                "n",
                                            ],
                                            body: CodeBlock {
                                                start: 186,
                                                code: [
                                                    Ident {
                                                        expr: [
                                                            Symbol(
                                                                "coroutine",
                                                            ),
                                                            Symbol(
                                                                ".",
                                                            ),
                                                            Symbol(
                                                                "yield",
                                                            ),
                                                            Call(
                                                                [
                                                                    [
                                                                        Symbol(
                                                                            "'g'",
                                                                        ),
                                                                    ],
                                                                ],
                                                            ),
                                                        ],
                                                        line: 27,
                                                    },
                                                    Return(
                                                        Some(
                                                            [
                                                                [
                                                                    Ident {
                                                                        expr: [
                                                                            Symbol(
                                                                                "_G",
                                                                            ),
                                                                            Symbol(
                                                                                "[",
                                                                            ),
                                                                            Expr(
                                                                                [
                                                                                    Ident {
                                                                                        expr: [
                                                                                            Symbol(
                                                                                                "n",
                                                                                            ),
                                                                                        ],
                                                                                        line: 27,
                                                                                    },
                                                                                ],
                                                                            ),
                                                                            Symbol(
                                                                                "]",
                                                                            ),
                                                                        ],
                                                                        line: 27,
                                                                    },
                                                                ],
                                                            ],
                                                        ),
                                                    ),
                                                ],
                                                end: 199,
                                            },
                                            line: 27,
                                            column: 21,
                                        },
                                    ],
                                ),
                                (
                                    Some(
                                        [
                                            Symbol(
                                                "__newindex",
                                            ),
                                        ],
                                    ),
                                    [
                                        Lambda {
                                            args: [
                                                "t",
                                                "n",
                                                "v",
                                            ],
                                            body: CodeBlock {
                                                start: 210,
                                                code: [
                                                    Ident {
                                                        expr: [
                                                            Symbol(
                                                                "coroutine",
                                                            ),
                                                            Symbol(
                                                                ".",
                                                            ),
                                                            Symbol(
                                                                "yield",
                                                            ),
                                                            Call(
                                                                [
                                                                    [
                                                                        Symbol(
                                                                            "'s'",
                                                                        ),
                                                                    ],
                                                                ],
                                                            ),
                                                        ],
                                                        line: 28,
                                                    },
                                                    Alter {
                                                        names: [
                                                            Ident {
                                                                expr: [
                                                                    Symbol(
                                                                        "_G",
                                                                    ),
                                                                    Symbol(
                                                                        "[",
                                                                    ),
                                                                    Expr(
                                                                        [
                                                                            Ident {
                                                                                expr: [
                                                                                    Symbol(
                                                                                        "n",
                                                                                    ),
                                                                                ],
                                                                                line: 28,
                                                                            },
                                                                        ],
                                                                    ),
                                                                    Symbol(
                                                                        "]",
                                                                    ),
                                                                ],
                                                                line: 28,
                                                            },
                                                        ],
                                                        values: [
                                                            [
                                                                Ident {
                                                                    expr: [
                                                                        Symbol(
                                                                            "v",
                                                                        ),
                                                                    ],
                                                                    line: 28,
                                                                },
                                                            ],
                                                        ],
                                                        line: 28,
                                                        column: 13,
                                                    },
                                                ],
                                                end: 224,
                                            },
                                            line: 28,
                                            column: 24,
                                        },
                                    ],
                                ),
                            ],
                            line: 29,
                            column: 1,
                        },
                    ],
                ],
            ),
        ],
        line: 23,
    },
    Alter {
        names: [
            Ident {
                expr: [
                    Symbol(
                        "X",
                    ),
                ],
                line: 29,
            },
        ],
        values: [
            [
                Symbol(
                    "nil",
                ),
            ],
        ],
        line: 31,
        column: 3,
    },
    Alter {
        names: [
            Ident {
                expr: [
                    Symbol(
                        "co",
                    ),
                ],
                line: 31,
            },
        ],
        values: [
            [
                Ident {
                    expr: [
                        Symbol(
                            "coroutine",
                        ),
                        Symbol(
                            ".",
                        ),
                        Symbol(
                            "wrap",
                        ),
                        Call(
                            [
                                [
                                    Ident {
                                        expr: [
                                            Symbol(
                                                "f",
                                            ),
                                        ],
                                        line: 32,
                                    },
                                ],
                            ],
                        ),
                    ],
                    line: 32,
                },
            ],
        ],
        line: 32,
        column: 8,
    },
    Ident {
        expr: [
            Symbol(
                "assert",
            ),
            Call(
                [
                    [
                        Ident {
                            expr: [
                                Symbol(
                                    "co",
                                ),
                                Call(
                                    [],
                                ),
                            ],
                            line: 33,
                        },
                        Operator(
                            (
                                "==",
                                true,
                            ),
                        ),
                        Symbol(
                            "'s'",
                        ),
                    ],
                ],
            ),
        ],
        line: 32,
    },
    Ident {
        expr: [
            Symbol(
                "assert",
            ),
            Call(
                [
                    [
                        Ident {
                            expr: [
                                Symbol(
                                    "co",
                                ),
                                Call(
                                    [],
                                ),
                            ],
                            line: 34,
                        },
                        Operator(
                            (
                                "==",
                                true,
                            ),
                        ),
                        Symbol(
                            "'g'",
                        ),
                    ],
                ],
            ),
        ],
        line: 33,
    },
    Ident {
        expr: [
            Symbol(
                "assert",
            ),
            Call(
                [
                    [
                        Ident {
                            expr: [
                                Symbol(
                                    "co",
                                ),
                                Call(
                                    [],
                                ),
                            ],
                            line: 35,
                        },
                        Operator(
                            (
                                "==",
                                true,
                            ),
                        ),
                        Symbol(
                            "'g'",
                        ),
                    ],
                ],
            ),
        ],
        line: 34,
    },
    Ident {
        expr: [
            Symbol(
                "assert",
            ),
            Call(
                [
                    [
                        Ident {
                            expr: [
                                Symbol(
                                    "co",
                                ),
                                Call(
                                    [],
                                ),
                            ],
                            line: 36,
                        },
                        Operator(
                            (
                                "==",
                                true,
                            ),
                        ),
                        Symbol(
                            "0",
                        ),
                    ],
                ],
            ),
        ],
        line: 35,
    },
    Ident {
        expr: [
            Symbol(
                "assert",
            ),
            Call(
                [
                    [
                        Ident {
                            expr: [
                                Symbol(
                                    "X",
                                ),
                                Symbol(
                                    "[",
                                ),
                                Expr(
                                    [
                                        Ident {
                                            expr: [
                                                Symbol(
                                                    "lim",
                                                ),
                                            ],
                                            line: 38,
                                        },
                                    ],
                                ),
                                Symbol(
                                    "]",
                                ),
                            ],
                            line: 38,
                        },
                        Operator(
                            (
                                "==",
                                true,
                            ),
                        ),
                        Ident {
                            expr: [
                                Symbol(
                                    "lim",
                                ),
                            ],
                            line: 38,
                        },
                        Operator(
                            (
                                "-",
                                true,
                            ),
                        ),
                        Symbol(
                            "1",
                        ),
                        Operator(
                            (
                                "and",
                                true,
                            ),
                        ),
                        Ident {
                            expr: [
                                Symbol(
                                    "X",
                                ),
                                Symbol(
                                    "[",
                                ),
                                Expr(
                                    [
                                        Ident {
                                            expr: [
                                                Symbol(
                                                    "lim",
                                                ),
                                            ],
                                            line: 38,
                                        },
                                        Operator(
                                            (
                                                "+",
                                                true,
                                            ),
                                        ),
                                        Symbol(
                                            "1",
                                        ),
                                    ],
                                ),
                                Symbol(
                                    "]",
                                ),
                            ],
                            line: 38,
                        },
                        Operator(
                            (
                                "==",
                                true,
                            ),
                        ),
                        Ident {
                            expr: [
                                Symbol(
                                    "lim",
                                ),
                            ],
                            line: 38,
                        },
                    ],
                ],
            ),
        ],
        line: 36,
    },
    Alter {
        names: [
            Ident {
                expr: [
                    Symbol(
                        "getmetatable",
                    ),
                    Call(
                        [
                            [
                                Ident {
                                    expr: [
                                        Symbol(
                                            "env",
                                        ),
                                    ],
                                    line: 41,
                                },
                            ],
                        ],
                    ),
                    Symbol(
                        ".",
                    ),
                    Symbol(
                        "__index",
                    ),
                ],
                line: 38,
            },
        ],
        values: [
            [
                Lambda {
                    args: [],
                    body: CodeBlock {
                        start: 300,
                        code: [],
                        end: 301,
                    },
                    line: 41,
                    column: 11,
                },
            ],
        ],
        line: 41,
        column: 11,
    },
    Alter {
        names: [
            Ident {
                expr: [
                    Symbol(
                        "getmetatable",
                    ),
                    Call(
                        [
                            [
                                Ident {
                                    expr: [
                                        Symbol(
                                            "env",
                                        ),
                                    ],
                                    line: 42,
                                },
                            ],
                        ],
                    ),
                    Symbol(
                        ".",
                    ),
                    Symbol(
                        "__newindex",
                    ),
                ],
                line: 41,
            },
        ],
        values: [
            [
                Lambda {
                    args: [],
                    body: CodeBlock {
                        start: 311,
                        code: [],
                        end: 312,
                    },
                    line: 42,
                    column: 11,
                },
            ],
        ],
        line: 43,
        column: 0,
    },
    Variable {
        names: [
            "e",
            "m",
        ],
        values: [
            [
                Ident {
                    expr: [
                        Symbol(
                            "pcall",
                        ),
                        Call(
                            [
                                [
                                    Ident {
                                        expr: [
                                            Symbol(
                                                "f",
                                            ),
                                        ],
                                        line: 43,
                                    },
                                ],
                            ],
                        ),
                    ],
                    line: 43,
                },
            ],
        ],
        line: 43,
        column: 9,
    },
    Ident {
        expr: [
            Symbol(
                "assert",
            ),
            Call(
                [
                    [
                        Operator(
                            (
                                "not",
                                false,
                            ),
                        ),
                        Ident {
                            expr: [
                                Symbol(
                                    "e",
                                ),
                            ],
                            line: 44,
                        },
                        Operator(
                            (
                                "and",
                                true,
                            ),
                        ),
                        Ident {
                            expr: [
                                Symbol(
                                    "m",
                                ),
                                Symbol(
                                    ":",
                                ),
                                Symbol(
                                    "find",
                                ),
                                Call(
                                    [
                                        [
                                            Symbol(
                                                "\"global 'X'\"",
                                            ),
                                        ],
                                    ],
                                ),
                            ],
                            line: 44,
                        },
                    ],
                ],
            ),
        ],
        line: 43,
    },
    Alter {
        names: [
            Ident {
                expr: [
                    Symbol(
                        "getmetatable",
                    ),
                    Call(
                        [
                            [
                                Ident {
                                    expr: [
                                        Symbol(
                                            "env",
                                        ),
                                    ],
                                    line: 47,
                                },
                            ],
                        ],
                    ),
                    Symbol(
                        ".",
                    ),
                    Symbol(
                        "__newindex",
                    ),
                ],
                line: 44,
            },
        ],
        values: [
            [
                Lambda {
                    args: [],
                    body: CodeBlock {
                        start: 343,
                        code: [
                            Ident {
                                expr: [
                                    Symbol(
                                        "error",
                                    ),
                                    Call(
                                        [
                                            [
                                                Symbol(
                                                    "\"hi\"",
                                                ),
                                            ],
                                        ],
                                    ),
                                ],
                                line: 47,
                            },
                        ],
                        end: 348,
                    },
                    line: 47,
                    column: 15,
                },
            ],
        ],
        line: 48,
        column: 0,
    },
    Variable {
        names: [
            "e",
            "m",
        ],
        values: [
            [
                Ident {
                    expr: [
                        Symbol(
                            "xpcall",
                        ),
                        Call(
                            [
                                [
                                    Ident {
                                        expr: [
                                            Symbol(
                                                "f",
                                            ),
                                        ],
                                        line: 48,
                                    },
                                ],
                                [
                                    Ident {
                                        expr: [
                                            Symbol(
                                                "debug",
                                            ),
                                            Symbol(
                                                ".",
                                            ),
                                            Symbol(
                                                "traceback",
                                            ),
                                        ],
                                        line: 48,
                                    },
                                ],
                            ],
                        ),
                    ],
                    line: 48,
                },
            ],
        ],
        line: 48,
        column: 13,
    },
    Ident {
        expr: [
            Symbol(
                "assert",
            ),
            Call(
                [
                    [
                        Operator(
                            (
                                "not",
                                false,
                            ),
                        ),
                        Ident {
                            expr: [
                                Symbol(
                                    "e",
                                ),
                            ],
                            line: 49,
                        },
                        Operator(
                            (
                                "and",
                                true,
                            ),
                        ),
                        Ident {
                            expr: [
                                Symbol(
                                    "m",
                                ),
                                Symbol(
                                    ":",
                                ),
                                Symbol(
                                    "find",
                                ),
                                Call(
                                    [
                                        [
                                            Symbol(
                                                "\"'__newindex'\"",
                                            ),
                                        ],
                                    ],
                                ),
                            ],
                            line: 49,
                        },
                    ],
                ],
            ),
        ],
        line: 48,
    },
    Alter {
        names: [
            Ident {
                expr: [
                    Symbol(
                        "f",
                    ),
                ],
                line: 49,
            },
            Ident {
                expr: [
                    Symbol(
                        "X",
                    ),
                ],
                line: 51,
            },
        ],
        values: [
            [
                Symbol(
                    "nil",
                ),
            ],
        ],
        line: 51,
        column: 5,
    },
    Ident {
        expr: [
            Symbol(
                "coroutine",
            ),
            Symbol(
                ".",
            ),
            Symbol(
                "yield",
            ),
            Call(
                [
                    [
                        Symbol(
                            "'b'",
                        ),
                    ],
                ],
            ),
        ],
        line: 51,
    },
    IfStatement {
        condition: [
            Operator(
                (
                    "not",
                    false,
                ),
            ),
            Ident {
                expr: [
                    Symbol(
                        "_no32",
                    ),
                ],
                line: 55,
            },
        ],
        body: CodeBlock {
            start: 386,
            code: [
                Ident {
                    expr: [
                        Symbol(
                            "print",
                        ),
                        Call(
                            [
                                [
                                    Symbol(
                                        "\"testing string length overflow\"",
                                    ),
                                ],
                            ],
                        ),
                    ],
                    line: 57,
                },
                Variable {
                    names: [
                        "repstrings",
                    ],
                    values: [
                        [
                            Symbol(
                                "192",
                            ),
                        ],
                    ],
                    line: 60,
                    column: 0,
                },
                Variable {
                    names: [
                        "ssize",
                    ],
                    values: [
                        [
                            Ident {
                                expr: [
                                    Symbol(
                                        "math",
                                    ),
                                    Symbol(
                                        ".",
                                    ),
                                    Symbol(
                                        "ceil",
                                    ),
                                    Call(
                                        [
                                            [
                                                Symbol(
                                                    "2",
                                                ),
                                                Operator(
                                                    (
                                                        "^",
                                                        true,
                                                    ),
                                                ),
                                                Symbol(
                                                    "32",
                                                ),
                                                Operator(
                                                    (
                                                        "/",
                                                        true,
                                                    ),
                                                ),
                                                Ident {
                                                    expr: [
                                                        Symbol(
                                                            "repstrings",
                                                        ),
                                                    ],
                                                    line: 60,
                                                },
                                            ],
                                        ],
                                    ),
                                ],
                                line: 60,
                            },
                            Operator(
                                (
                                    "+",
                                    true,
                                ),
                            ),
                            Symbol(
                                "1",
                            ),
                        ],
                    ],
                    line: 60,
                    column: 15,
                },
                Ident {
                    expr: [
                        Symbol(
                            "assert",
                        ),
                        Call(
                            [
                                [
                                    Ident {
                                        expr: [
                                            Symbol(
                                                "repstrings",
                                            ),
                                        ],
                                        line: 62,
                                    },
                                    Operator(
                                        (
                                            "*",
                                            true,
                                        ),
                                    ),
                                    Ident {
                                        expr: [
                                            Symbol(
                                                "ssize",
                                            ),
                                        ],
                                        line: 62,
                                    },
                                    Operator(
                                        (
                                            ">",
                                            true,
                                        ),
                                    ),
                                    Symbol(
                                        "2",
                                    ),
                                    Operator(
                                        (
                                            "^",
                                            true,
                                        ),
                                    ),
                                    Symbol(
                                        "32",
                                    ),
                                ],
                            ],
                        ),
                    ],
                    line: 60,
                },
                Variable {
                    names: [
                        "longs",
                    ],
                    values: [
                        [
                            Ident {
                                expr: [
                                    Symbol(
                                        "string",
                                    ),
                                    Symbol(
                                        ".",
                                    ),
                                    Symbol(
                                        "rep",
                                    ),
                                    Call(
                                        [
                                            [
                                                Symbol(
                                                    "\"\\0\"",
                                                ),
                                            ],
                                            [
                                                Ident {
                                                    expr: [
                                                        Symbol(
                                                            "ssize",
                                                        ),
                                                    ],
                                                    line: 64,
                                                },
                                            ],
                                        ],
                                    ),
                                ],
                                line: 64,
                            },
                        ],
                    ],
                    line: 67,
                    column: 0,
                },
                Variable {
                    names: [
                        "rep",
                    ],
                    values: [
                        [
                            Ident {
                                expr: [
                                    Symbol(
                                        "assert",
                                    ),
                                    Call(
                                        [
                                            [
                                                Ident {
                                                    expr: [
                                                        Symbol(
                                                            "load",
                                                        ),
                                                        Call(
                                                            [
                                                                [
                                                                    Symbol(
                                                                        "\"local a = ...; return \"",
                                                                    ),
                                                                    Operator(
                                                                        (
                                                                            "..",
                                                                            true,
                                                                        ),
                                                                    ),
                                                                    Ident {
                                                                        expr: [
                                                                            Symbol(
                                                                                "string",
                                                                            ),
                                                                            Symbol(
                                                                                ".",
                                                                            ),
                                                                            Symbol(
                                                                                "rep",
                                                                            ),
                                                                            Call(
                                                                                [
                                                                                    [
                                                                                        Symbol(
                                                                                            "\"a\"",
                                                                                        ),
                                                                                    ],
                                                                                    [
                                                                                        Ident {
                                                                                            expr: [
                                                                                                Symbol(
                                                                                                    "repstrings",
                                                                                                ),
                                                                                            ],
                                                                                            line: 68,
                                                                                        },
                                                                                    ],
                                                                                    [
                                                                                        Symbol(
                                                                                            "\"..\"",
                                                                                        ),
                                                                                    ],
                                                                                ],
                                                                            ),
                                                                        ],
                                                                        line: 68,
                                                                    },
                                                                ],
                                                            ],
                                                        ),
                                                    ],
                                                    line: 67,
                                                },
                                            ],
                                        ],
                                    ),
                                ],
                                line: 67,
                            },
                        ],
                    ],
                    line: 70,
                    column: 0,
                },
                Variable {
                    names: [
                        "a",
                        "b",
                    ],
                    values: [
                        [
                            Ident {
                                expr: [
                                    Symbol(
                                        "pcall",
                                    ),
                                    Call(
                                        [
                                            [
                                                Ident {
                                                    expr: [
                                                        Symbol(
                                                            "rep",
                                                        ),
                                                    ],
                                                    line: 70,
                                                },
                                            ],
                                            [
                                                Ident {
                                                    expr: [
                                                        Symbol(
                                                            "longs",
                                                        ),
                                                    ],
                                                    line: 70,
                                                },
                                            ],
                                        ],
                                    ),
                                ],
                                line: 70,
                            },
                        ],
                    ],
                    line: 70,
                    column: 11,
                },
                Ident {
                    expr: [
                        Symbol(
                            "assert",
                        ),
                        Call(
                            [
                                [
                                    Operator(
                                        (
                                            "not",
                                            false,
                                        ),
                                    ),
                                    Ident {
                                        expr: [
                                            Symbol(
                                                "a",
                                            ),
                                        ],
                                        line: 73,
                                    },
                                    Operator(
                                        (
                                            "and",
                                            true,
                                        ),
                                    ),
                                    Ident {
                                        expr: [
                                            Symbol(
                                                "string",
                                            ),
                                            Symbol(
                                                ".",
                                            ),
                                            Symbol(
                                                "find",
                                            ),
                                            Call(
                                                [
                                                    [
                                                        Ident {
                                                            expr: [
                                                                Symbol(
                                                                    "b",
                                                                ),
                                                            ],
                                                            line: 73,
                                                        },
                                                    ],
                                                    [
                                                        Symbol(
                                                            "\"overflow\"",
                                                        ),
                                                    ],
                                                ],
                                            ),
                                        ],
                                        line: 73,
                                    },
                                ],
                            ],
                        ),
                    ],
                    line: 70,
                },
            ],
            end: 475,
        },
        next: None,
        line: 75,
        column: 1,
    },
    Ident {
        expr: [
            Symbol(
                "print",
            ),
            Call(
                [
                    [
                        Symbol(
                            "'OK'",
                        ),
                    ],
                ],
            ),
        ],
        line: 75,
    },
    Return(
        Some(
            [
                [
                    Symbol(
                        "'a'",
                    ),
                ],
            ],
        ),
    ),
]
