---
source: src/main.rs
expression: scanned
input_file: test-data/lua5.4-tests/big.lua
---
[
    Token {
        kind: If,
        lexeme: Symbol(
            "if",
        ),
        line: 4,
    },
    Token {
        kind: Identifier,
        lexeme: Symbol(
            "_soft",
        ),
        line: 4,
    },
    Token {
        kind: Then,
        lexeme: Symbol(
            "then",
        ),
        line: 4,
    },
    Token {
        kind: Return,
        lexeme: Symbol(
            "return",
        ),
        line: 5,
    },
    Token {
        kind: String,
        lexeme: Symbol(
            "'a'",
        ),
        line: 5,
    },
    Token {
        kind: End,
        lexeme: Symbol(
            "end",
        ),
        line: 6,
    },
    Token {
        kind: Identifier,
        lexeme: Symbol(
            "print",
        ),
        line: 8,
    },
    Token {
        kind: String,
        lexeme: Symbol(
            "\"testing large tables\"",
        ),
        line: 8,
    },
    Token {
        kind: Local,
        lexeme: Symbol(
            "local",
        ),
        line: 10,
    },
    Token {
        kind: Identifier,
        lexeme: Symbol(
            "debug",
        ),
        line: 10,
    },
    Token {
        kind: Equals,
        lexeme: Symbol(
            "=",
        ),
        line: 10,
    },
    Token {
        kind: Identifier,
        lexeme: Symbol(
            "require",
        ),
        line: 10,
    },
    Token {
        kind: String,
        lexeme: Symbol(
            "\"debug\"",
        ),
        line: 10,
    },
    Token {
        kind: Local,
        lexeme: Symbol(
            "local",
        ),
        line: 12,
    },
    Token {
        kind: Identifier,
        lexeme: Symbol(
            "lim",
        ),
        line: 12,
    },
    Token {
        kind: Equals,
        lexeme: Symbol(
            "=",
        ),
        line: 12,
    },
    Token {
        kind: Number,
        lexeme: Number(
            Decimal(
                Decimal {
                    before_decimal: "2",
                    after_decimal: "",
                },
            ),
        ),
        line: 12,
    },
    Token {
        kind: Caret,
        lexeme: Symbol(
            "^",
        ),
        line: 12,
    },
    Token {
        kind: Number,
        lexeme: Number(
            Decimal(
                Decimal {
                    before_decimal: "18",
                    after_decimal: "",
                },
            ),
        ),
        line: 12,
    },
    Token {
        kind: Plus,
        lexeme: Symbol(
            "+",
        ),
        line: 12,
    },
    Token {
        kind: Number,
        lexeme: Number(
            Decimal(
                Decimal {
                    before_decimal: "1000",
                    after_decimal: "",
                },
            ),
        ),
        line: 12,
    },
    Token {
        kind: Local,
        lexeme: Symbol(
            "local",
        ),
        line: 13,
    },
    Token {
        kind: Identifier,
        lexeme: Symbol(
            "prog",
        ),
        line: 13,
    },
    Token {
        kind: Equals,
        lexeme: Symbol(
            "=",
        ),
        line: 13,
    },
    Token {
        kind: LeftBrace,
        lexeme: Symbol(
            "{",
        ),
        line: 13,
    },
    Token {
        kind: String,
        lexeme: Symbol(
            "\"local y = {0\"",
        ),
        line: 13,
    },
    Token {
        kind: RightBrace,
        lexeme: Symbol(
            "}",
        ),
        line: 13,
    },
    Token {
        kind: For,
        lexeme: Symbol(
            "for",
        ),
        line: 14,
    },
    Token {
        kind: Identifier,
        lexeme: Symbol(
            "i",
        ),
        line: 14,
    },
    Token {
        kind: Equals,
        lexeme: Symbol(
            "=",
        ),
        line: 14,
    },
    Token {
        kind: Number,
        lexeme: Number(
            Decimal(
                Decimal {
                    before_decimal: "1",
                    after_decimal: "",
                },
            ),
        ),
        line: 14,
    },
    Token {
        kind: Comma,
        lexeme: Symbol(
            ",",
        ),
        line: 14,
    },
    Token {
        kind: Identifier,
        lexeme: Symbol(
            "lim",
        ),
        line: 14,
    },
    Token {
        kind: Do,
        lexeme: Symbol(
            "do",
        ),
        line: 14,
    },
    Token {
        kind: Identifier,
        lexeme: Symbol(
            "prog",
        ),
        line: 14,
    },
    Token {
        kind: LeftBracket,
        lexeme: Symbol(
            "[",
        ),
        line: 14,
    },
    Token {
        kind: Hash,
        lexeme: Symbol(
            "#",
        ),
        line: 14,
    },
    Token {
        kind: Identifier,
        lexeme: Symbol(
            "prog",
        ),
        line: 14,
    },
    Token {
        kind: Plus,
        lexeme: Symbol(
            "+",
        ),
        line: 14,
    },
    Token {
        kind: Number,
        lexeme: Number(
            Decimal(
                Decimal {
                    before_decimal: "1",
                    after_decimal: "",
                },
            ),
        ),
        line: 14,
    },
    Token {
        kind: RightBracket,
        lexeme: Symbol(
            "]",
        ),
        line: 14,
    },
    Token {
        kind: Equals,
        lexeme: Symbol(
            "=",
        ),
        line: 14,
    },
    Token {
        kind: Identifier,
        lexeme: Symbol(
            "i",
        ),
        line: 14,
    },
    Token {
        kind: End,
        lexeme: Symbol(
            "end",
        ),
        line: 14,
    },
    Token {
        kind: Identifier,
        lexeme: Symbol(
            "prog",
        ),
        line: 15,
    },
    Token {
        kind: LeftBracket,
        lexeme: Symbol(
            "[",
        ),
        line: 15,
    },
    Token {
        kind: Hash,
        lexeme: Symbol(
            "#",
        ),
        line: 15,
    },
    Token {
        kind: Identifier,
        lexeme: Symbol(
            "prog",
        ),
        line: 15,
    },
    Token {
        kind: Plus,
        lexeme: Symbol(
            "+",
        ),
        line: 15,
    },
    Token {
        kind: Number,
        lexeme: Number(
            Decimal(
                Decimal {
                    before_decimal: "1",
                    after_decimal: "",
                },
            ),
        ),
        line: 15,
    },
    Token {
        kind: RightBracket,
        lexeme: Symbol(
            "]",
        ),
        line: 15,
    },
    Token {
        kind: Equals,
        lexeme: Symbol(
            "=",
        ),
        line: 15,
    },
    Token {
        kind: String,
        lexeme: Symbol(
            "\"}\\n\"",
        ),
        line: 15,
    },
    Token {
        kind: Identifier,
        lexeme: Symbol(
            "prog",
        ),
        line: 16,
    },
    Token {
        kind: LeftBracket,
        lexeme: Symbol(
            "[",
        ),
        line: 16,
    },
    Token {
        kind: Hash,
        lexeme: Symbol(
            "#",
        ),
        line: 16,
    },
    Token {
        kind: Identifier,
        lexeme: Symbol(
            "prog",
        ),
        line: 16,
    },
    Token {
        kind: Plus,
        lexeme: Symbol(
            "+",
        ),
        line: 16,
    },
    Token {
        kind: Number,
        lexeme: Number(
            Decimal(
                Decimal {
                    before_decimal: "1",
                    after_decimal: "",
                },
            ),
        ),
        line: 16,
    },
    Token {
        kind: RightBracket,
        lexeme: Symbol(
            "]",
        ),
        line: 16,
    },
    Token {
        kind: Equals,
        lexeme: Symbol(
            "=",
        ),
        line: 16,
    },
    Token {
        kind: String,
        lexeme: Symbol(
            "\"X = y\\n\"",
        ),
        line: 16,
    },
    Token {
        kind: Identifier,
        lexeme: Symbol(
            "prog",
        ),
        line: 17,
    },
    Token {
        kind: LeftBracket,
        lexeme: Symbol(
            "[",
        ),
        line: 17,
    },
    Token {
        kind: Hash,
        lexeme: Symbol(
            "#",
        ),
        line: 17,
    },
    Token {
        kind: Identifier,
        lexeme: Symbol(
            "prog",
        ),
        line: 17,
    },
    Token {
        kind: Plus,
        lexeme: Symbol(
            "+",
        ),
        line: 17,
    },
    Token {
        kind: Number,
        lexeme: Number(
            Decimal(
                Decimal {
                    before_decimal: "1",
                    after_decimal: "",
                },
            ),
        ),
        line: 17,
    },
    Token {
        kind: RightBracket,
        lexeme: Symbol(
            "]",
        ),
        line: 17,
    },
    Token {
        kind: Equals,
        lexeme: Symbol(
            "=",
        ),
        line: 17,
    },
    Token {
        kind: LeftParen,
        lexeme: Symbol(
            "(",
        ),
        line: 17,
    },
    Token {
        kind: String,
        lexeme: Symbol(
            "\"assert(X[%d] == %d)\"",
        ),
        line: 17,
    },
    Token {
        kind: RightParen,
        lexeme: Symbol(
            ")",
        ),
        line: 17,
    },
    Token {
        kind: Colon,
        lexeme: Symbol(
            ":",
        ),
        line: 17,
    },
    Token {
        kind: Identifier,
        lexeme: Symbol(
            "format",
        ),
        line: 17,
    },
    Token {
        kind: LeftParen,
        lexeme: Symbol(
            "(",
        ),
        line: 17,
    },
    Token {
        kind: Identifier,
        lexeme: Symbol(
            "lim",
        ),
        line: 17,
    },
    Token {
        kind: Minus,
        lexeme: Symbol(
            "-",
        ),
        line: 17,
    },
    Token {
        kind: Number,
        lexeme: Number(
            Decimal(
                Decimal {
                    before_decimal: "1",
                    after_decimal: "",
                },
            ),
        ),
        line: 17,
    },
    Token {
        kind: Comma,
        lexeme: Symbol(
            ",",
        ),
        line: 17,
    },
    Token {
        kind: Identifier,
        lexeme: Symbol(
            "lim",
        ),
        line: 17,
    },
    Token {
        kind: Minus,
        lexeme: Symbol(
            "-",
        ),
        line: 17,
    },
    Token {
        kind: Number,
        lexeme: Number(
            Decimal(
                Decimal {
                    before_decimal: "2",
                    after_decimal: "",
                },
            ),
        ),
        line: 17,
    },
    Token {
        kind: RightParen,
        lexeme: Symbol(
            ")",
        ),
        line: 17,
    },
    Token {
        kind: Identifier,
        lexeme: Symbol(
            "prog",
        ),
        line: 18,
    },
    Token {
        kind: LeftBracket,
        lexeme: Symbol(
            "[",
        ),
        line: 18,
    },
    Token {
        kind: Hash,
        lexeme: Symbol(
            "#",
        ),
        line: 18,
    },
    Token {
        kind: Identifier,
        lexeme: Symbol(
            "prog",
        ),
        line: 18,
    },
    Token {
        kind: Plus,
        lexeme: Symbol(
            "+",
        ),
        line: 18,
    },
    Token {
        kind: Number,
        lexeme: Number(
            Decimal(
                Decimal {
                    before_decimal: "1",
                    after_decimal: "",
                },
            ),
        ),
        line: 18,
    },
    Token {
        kind: RightBracket,
        lexeme: Symbol(
            "]",
        ),
        line: 18,
    },
    Token {
        kind: Equals,
        lexeme: Symbol(
            "=",
        ),
        line: 18,
    },
    Token {
        kind: String,
        lexeme: Symbol(
            "\"return 0\"",
        ),
        line: 18,
    },
    Token {
        kind: Identifier,
        lexeme: Symbol(
            "prog",
        ),
        line: 19,
    },
    Token {
        kind: Equals,
        lexeme: Symbol(
            "=",
        ),
        line: 19,
    },
    Token {
        kind: Identifier,
        lexeme: Symbol(
            "table",
        ),
        line: 19,
    },
    Token {
        kind: Dot,
        lexeme: Symbol(
            ".",
        ),
        line: 19,
    },
    Token {
        kind: Identifier,
        lexeme: Symbol(
            "concat",
        ),
        line: 19,
    },
    Token {
        kind: LeftParen,
        lexeme: Symbol(
            "(",
        ),
        line: 19,
    },
    Token {
        kind: Identifier,
        lexeme: Symbol(
            "prog",
        ),
        line: 19,
    },
    Token {
        kind: Comma,
        lexeme: Symbol(
            ",",
        ),
        line: 19,
    },
    Token {
        kind: String,
        lexeme: Symbol(
            "\";\"",
        ),
        line: 19,
    },
    Token {
        kind: RightParen,
        lexeme: Symbol(
            ")",
        ),
        line: 19,
    },
    Token {
        kind: Local,
        lexeme: Symbol(
            "local",
        ),
        line: 21,
    },
    Token {
        kind: Identifier,
        lexeme: Symbol(
            "env",
        ),
        line: 21,
    },
    Token {
        kind: Equals,
        lexeme: Symbol(
            "=",
        ),
        line: 21,
    },
    Token {
        kind: LeftBrace,
        lexeme: Symbol(
            "{",
        ),
        line: 21,
    },
    Token {
        kind: Identifier,
        lexeme: Symbol(
            "string",
        ),
        line: 21,
    },
    Token {
        kind: Equals,
        lexeme: Symbol(
            "=",
        ),
        line: 21,
    },
    Token {
        kind: Identifier,
        lexeme: Symbol(
            "string",
        ),
        line: 21,
    },
    Token {
        kind: Comma,
        lexeme: Symbol(
            ",",
        ),
        line: 21,
    },
    Token {
        kind: Identifier,
        lexeme: Symbol(
            "assert",
        ),
        line: 21,
    },
    Token {
        kind: Equals,
        lexeme: Symbol(
            "=",
        ),
        line: 21,
    },
    Token {
        kind: Identifier,
        lexeme: Symbol(
            "assert",
        ),
        line: 21,
    },
    Token {
        kind: RightBrace,
        lexeme: Symbol(
            "}",
        ),
        line: 21,
    },
    Token {
        kind: Local,
        lexeme: Symbol(
            "local",
        ),
        line: 22,
    },
    Token {
        kind: Identifier,
        lexeme: Symbol(
            "f",
        ),
        line: 22,
    },
    Token {
        kind: Equals,
        lexeme: Symbol(
            "=",
        ),
        line: 22,
    },
    Token {
        kind: Identifier,
        lexeme: Symbol(
            "assert",
        ),
        line: 22,
    },
    Token {
        kind: LeftParen,
        lexeme: Symbol(
            "(",
        ),
        line: 22,
    },
    Token {
        kind: Identifier,
        lexeme: Symbol(
            "load",
        ),
        line: 22,
    },
    Token {
        kind: LeftParen,
        lexeme: Symbol(
            "(",
        ),
        line: 22,
    },
    Token {
        kind: Identifier,
        lexeme: Symbol(
            "prog",
        ),
        line: 22,
    },
    Token {
        kind: Comma,
        lexeme: Symbol(
            ",",
        ),
        line: 22,
    },
    Token {
        kind: Nil,
        lexeme: Symbol(
            "nil",
        ),
        line: 22,
    },
    Token {
        kind: Comma,
        lexeme: Symbol(
            ",",
        ),
        line: 22,
    },
    Token {
        kind: Nil,
        lexeme: Symbol(
            "nil",
        ),
        line: 22,
    },
    Token {
        kind: Comma,
        lexeme: Symbol(
            ",",
        ),
        line: 22,
    },
    Token {
        kind: Identifier,
        lexeme: Symbol(
            "env",
        ),
        line: 22,
    },
    Token {
        kind: RightParen,
        lexeme: Symbol(
            ")",
        ),
        line: 22,
    },
    Token {
        kind: RightParen,
        lexeme: Symbol(
            ")",
        ),
        line: 22,
    },
    Token {
        kind: Identifier,
        lexeme: Symbol(
            "f",
        ),
        line: 24,
    },
    Token {
        kind: LeftParen,
        lexeme: Symbol(
            "(",
        ),
        line: 24,
    },
    Token {
        kind: RightParen,
        lexeme: Symbol(
            ")",
        ),
        line: 24,
    },
    Token {
        kind: Identifier,
        lexeme: Symbol(
            "assert",
        ),
        line: 25,
    },
    Token {
        kind: LeftParen,
        lexeme: Symbol(
            "(",
        ),
        line: 25,
    },
    Token {
        kind: Identifier,
        lexeme: Symbol(
            "env",
        ),
        line: 25,
    },
    Token {
        kind: Dot,
        lexeme: Symbol(
            ".",
        ),
        line: 25,
    },
    Token {
        kind: Identifier,
        lexeme: Symbol(
            "X",
        ),
        line: 25,
    },
    Token {
        kind: LeftBracket,
        lexeme: Symbol(
            "[",
        ),
        line: 25,
    },
    Token {
        kind: Identifier,
        lexeme: Symbol(
            "lim",
        ),
        line: 25,
    },
    Token {
        kind: RightBracket,
        lexeme: Symbol(
            "]",
        ),
        line: 25,
    },
    Token {
        kind: DoubleEquals,
        lexeme: Symbol(
            "==",
        ),
        line: 25,
    },
    Token {
        kind: Identifier,
        lexeme: Symbol(
            "lim",
        ),
        line: 25,
    },
    Token {
        kind: Minus,
        lexeme: Symbol(
            "-",
        ),
        line: 25,
    },
    Token {
        kind: Number,
        lexeme: Number(
            Decimal(
                Decimal {
                    before_decimal: "1",
                    after_decimal: "",
                },
            ),
        ),
        line: 25,
    },
    Token {
        kind: And,
        lexeme: Symbol(
            "and",
        ),
        line: 25,
    },
    Token {
        kind: Identifier,
        lexeme: Symbol(
            "env",
        ),
        line: 25,
    },
    Token {
        kind: Dot,
        lexeme: Symbol(
            ".",
        ),
        line: 25,
    },
    Token {
        kind: Identifier,
        lexeme: Symbol(
            "X",
        ),
        line: 25,
    },
    Token {
        kind: LeftBracket,
        lexeme: Symbol(
            "[",
        ),
        line: 25,
    },
    Token {
        kind: Identifier,
        lexeme: Symbol(
            "lim",
        ),
        line: 25,
    },
    Token {
        kind: Plus,
        lexeme: Symbol(
            "+",
        ),
        line: 25,
    },
    Token {
        kind: Number,
        lexeme: Number(
            Decimal(
                Decimal {
                    before_decimal: "1",
                    after_decimal: "",
                },
            ),
        ),
        line: 25,
    },
    Token {
        kind: RightBracket,
        lexeme: Symbol(
            "]",
        ),
        line: 25,
    },
    Token {
        kind: DoubleEquals,
        lexeme: Symbol(
            "==",
        ),
        line: 25,
    },
    Token {
        kind: Identifier,
        lexeme: Symbol(
            "lim",
        ),
        line: 25,
    },
    Token {
        kind: RightParen,
        lexeme: Symbol(
            ")",
        ),
        line: 25,
    },
    Token {
        kind: For,
        lexeme: Symbol(
            "for",
        ),
        line: 26,
    },
    Token {
        kind: Identifier,
        lexeme: Symbol(
            "k",
        ),
        line: 26,
    },
    Token {
        kind: In,
        lexeme: Symbol(
            "in",
        ),
        line: 26,
    },
    Token {
        kind: Identifier,
        lexeme: Symbol(
            "pairs",
        ),
        line: 26,
    },
    Token {
        kind: LeftParen,
        lexeme: Symbol(
            "(",
        ),
        line: 26,
    },
    Token {
        kind: Identifier,
        lexeme: Symbol(
            "env",
        ),
        line: 26,
    },
    Token {
        kind: RightParen,
        lexeme: Symbol(
            ")",
        ),
        line: 26,
    },
    Token {
        kind: Do,
        lexeme: Symbol(
            "do",
        ),
        line: 26,
    },
    Token {
        kind: Identifier,
        lexeme: Symbol(
            "env",
        ),
        line: 26,
    },
    Token {
        kind: LeftBracket,
        lexeme: Symbol(
            "[",
        ),
        line: 26,
    },
    Token {
        kind: Identifier,
        lexeme: Symbol(
            "k",
        ),
        line: 26,
    },
    Token {
        kind: RightBracket,
        lexeme: Symbol(
            "]",
        ),
        line: 26,
    },
    Token {
        kind: Equals,
        lexeme: Symbol(
            "=",
        ),
        line: 26,
    },
    Token {
        kind: Identifier,
        lexeme: Symbol(
            "undef",
        ),
        line: 26,
    },
    Token {
        kind: End,
        lexeme: Symbol(
            "end",
        ),
        line: 26,
    },
    Token {
        kind: Identifier,
        lexeme: Symbol(
            "setmetatable",
        ),
        line: 29,
    },
    Token {
        kind: LeftParen,
        lexeme: Symbol(
            "(",
        ),
        line: 29,
    },
    Token {
        kind: Identifier,
        lexeme: Symbol(
            "env",
        ),
        line: 29,
    },
    Token {
        kind: Comma,
        lexeme: Symbol(
            ",",
        ),
        line: 29,
    },
    Token {
        kind: LeftBrace,
        lexeme: Symbol(
            "{",
        ),
        line: 29,
    },
    Token {
        kind: Identifier,
        lexeme: Symbol(
            "__index",
        ),
        line: 30,
    },
    Token {
        kind: Equals,
        lexeme: Symbol(
            "=",
        ),
        line: 30,
    },
    Token {
        kind: Function,
        lexeme: Symbol(
            "function",
        ),
        line: 30,
    },
    Token {
        kind: LeftParen,
        lexeme: Symbol(
            "(",
        ),
        line: 30,
    },
    Token {
        kind: Identifier,
        lexeme: Symbol(
            "t",
        ),
        line: 30,
    },
    Token {
        kind: Comma,
        lexeme: Symbol(
            ",",
        ),
        line: 30,
    },
    Token {
        kind: Identifier,
        lexeme: Symbol(
            "n",
        ),
        line: 30,
    },
    Token {
        kind: RightParen,
        lexeme: Symbol(
            ")",
        ),
        line: 30,
    },
    Token {
        kind: Identifier,
        lexeme: Symbol(
            "coroutine",
        ),
        line: 30,
    },
    Token {
        kind: Dot,
        lexeme: Symbol(
            ".",
        ),
        line: 30,
    },
    Token {
        kind: Identifier,
        lexeme: Symbol(
            "yield",
        ),
        line: 30,
    },
    Token {
        kind: LeftParen,
        lexeme: Symbol(
            "(",
        ),
        line: 30,
    },
    Token {
        kind: String,
        lexeme: Symbol(
            "'g'",
        ),
        line: 30,
    },
    Token {
        kind: RightParen,
        lexeme: Symbol(
            ")",
        ),
        line: 30,
    },
    Token {
        kind: Semicolon,
        lexeme: Symbol(
            ";",
        ),
        line: 30,
    },
    Token {
        kind: Return,
        lexeme: Symbol(
            "return",
        ),
        line: 30,
    },
    Token {
        kind: Identifier,
        lexeme: Symbol(
            "_G",
        ),
        line: 30,
    },
    Token {
        kind: LeftBracket,
        lexeme: Symbol(
            "[",
        ),
        line: 30,
    },
    Token {
        kind: Identifier,
        lexeme: Symbol(
            "n",
        ),
        line: 30,
    },
    Token {
        kind: RightBracket,
        lexeme: Symbol(
            "]",
        ),
        line: 30,
    },
    Token {
        kind: End,
        lexeme: Symbol(
            "end",
        ),
        line: 30,
    },
    Token {
        kind: Comma,
        lexeme: Symbol(
            ",",
        ),
        line: 30,
    },
    Token {
        kind: Identifier,
        lexeme: Symbol(
            "__newindex",
        ),
        line: 31,
    },
    Token {
        kind: Equals,
        lexeme: Symbol(
            "=",
        ),
        line: 31,
    },
    Token {
        kind: Function,
        lexeme: Symbol(
            "function",
        ),
        line: 31,
    },
    Token {
        kind: LeftParen,
        lexeme: Symbol(
            "(",
        ),
        line: 31,
    },
    Token {
        kind: Identifier,
        lexeme: Symbol(
            "t",
        ),
        line: 31,
    },
    Token {
        kind: Comma,
        lexeme: Symbol(
            ",",
        ),
        line: 31,
    },
    Token {
        kind: Identifier,
        lexeme: Symbol(
            "n",
        ),
        line: 31,
    },
    Token {
        kind: Comma,
        lexeme: Symbol(
            ",",
        ),
        line: 31,
    },
    Token {
        kind: Identifier,
        lexeme: Symbol(
            "v",
        ),
        line: 31,
    },
    Token {
        kind: RightParen,
        lexeme: Symbol(
            ")",
        ),
        line: 31,
    },
    Token {
        kind: Identifier,
        lexeme: Symbol(
            "coroutine",
        ),
        line: 31,
    },
    Token {
        kind: Dot,
        lexeme: Symbol(
            ".",
        ),
        line: 31,
    },
    Token {
        kind: Identifier,
        lexeme: Symbol(
            "yield",
        ),
        line: 31,
    },
    Token {
        kind: LeftParen,
        lexeme: Symbol(
            "(",
        ),
        line: 31,
    },
    Token {
        kind: String,
        lexeme: Symbol(
            "'s'",
        ),
        line: 31,
    },
    Token {
        kind: RightParen,
        lexeme: Symbol(
            ")",
        ),
        line: 31,
    },
    Token {
        kind: Semicolon,
        lexeme: Symbol(
            ";",
        ),
        line: 31,
    },
    Token {
        kind: Identifier,
        lexeme: Symbol(
            "_G",
        ),
        line: 31,
    },
    Token {
        kind: LeftBracket,
        lexeme: Symbol(
            "[",
        ),
        line: 31,
    },
    Token {
        kind: Identifier,
        lexeme: Symbol(
            "n",
        ),
        line: 31,
    },
    Token {
        kind: RightBracket,
        lexeme: Symbol(
            "]",
        ),
        line: 31,
    },
    Token {
        kind: Equals,
        lexeme: Symbol(
            "=",
        ),
        line: 31,
    },
    Token {
        kind: Identifier,
        lexeme: Symbol(
            "v",
        ),
        line: 31,
    },
    Token {
        kind: End,
        lexeme: Symbol(
            "end",
        ),
        line: 31,
    },
    Token {
        kind: Comma,
        lexeme: Symbol(
            ",",
        ),
        line: 31,
    },
    Token {
        kind: RightBrace,
        lexeme: Symbol(
            "}",
        ),
        line: 32,
    },
    Token {
        kind: RightParen,
        lexeme: Symbol(
            ")",
        ),
        line: 32,
    },
    Token {
        kind: Identifier,
        lexeme: Symbol(
            "X",
        ),
        line: 34,
    },
    Token {
        kind: Equals,
        lexeme: Symbol(
            "=",
        ),
        line: 34,
    },
    Token {
        kind: Nil,
        lexeme: Symbol(
            "nil",
        ),
        line: 34,
    },
    Token {
        kind: Identifier,
        lexeme: Symbol(
            "co",
        ),
        line: 35,
    },
    Token {
        kind: Equals,
        lexeme: Symbol(
            "=",
        ),
        line: 35,
    },
    Token {
        kind: Identifier,
        lexeme: Symbol(
            "coroutine",
        ),
        line: 35,
    },
    Token {
        kind: Dot,
        lexeme: Symbol(
            ".",
        ),
        line: 35,
    },
    Token {
        kind: Identifier,
        lexeme: Symbol(
            "wrap",
        ),
        line: 35,
    },
    Token {
        kind: LeftParen,
        lexeme: Symbol(
            "(",
        ),
        line: 35,
    },
    Token {
        kind: Identifier,
        lexeme: Symbol(
            "f",
        ),
        line: 35,
    },
    Token {
        kind: RightParen,
        lexeme: Symbol(
            ")",
        ),
        line: 35,
    },
    Token {
        kind: Identifier,
        lexeme: Symbol(
            "assert",
        ),
        line: 36,
    },
    Token {
        kind: LeftParen,
        lexeme: Symbol(
            "(",
        ),
        line: 36,
    },
    Token {
        kind: Identifier,
        lexeme: Symbol(
            "co",
        ),
        line: 36,
    },
    Token {
        kind: LeftParen,
        lexeme: Symbol(
            "(",
        ),
        line: 36,
    },
    Token {
        kind: RightParen,
        lexeme: Symbol(
            ")",
        ),
        line: 36,
    },
    Token {
        kind: DoubleEquals,
        lexeme: Symbol(
            "==",
        ),
        line: 36,
    },
    Token {
        kind: String,
        lexeme: Symbol(
            "'s'",
        ),
        line: 36,
    },
    Token {
        kind: RightParen,
        lexeme: Symbol(
            ")",
        ),
        line: 36,
    },
    Token {
        kind: Identifier,
        lexeme: Symbol(
            "assert",
        ),
        line: 37,
    },
    Token {
        kind: LeftParen,
        lexeme: Symbol(
            "(",
        ),
        line: 37,
    },
    Token {
        kind: Identifier,
        lexeme: Symbol(
            "co",
        ),
        line: 37,
    },
    Token {
        kind: LeftParen,
        lexeme: Symbol(
            "(",
        ),
        line: 37,
    },
    Token {
        kind: RightParen,
        lexeme: Symbol(
            ")",
        ),
        line: 37,
    },
    Token {
        kind: DoubleEquals,
        lexeme: Symbol(
            "==",
        ),
        line: 37,
    },
    Token {
        kind: String,
        lexeme: Symbol(
            "'g'",
        ),
        line: 37,
    },
    Token {
        kind: RightParen,
        lexeme: Symbol(
            ")",
        ),
        line: 37,
    },
    Token {
        kind: Identifier,
        lexeme: Symbol(
            "assert",
        ),
        line: 38,
    },
    Token {
        kind: LeftParen,
        lexeme: Symbol(
            "(",
        ),
        line: 38,
    },
    Token {
        kind: Identifier,
        lexeme: Symbol(
            "co",
        ),
        line: 38,
    },
    Token {
        kind: LeftParen,
        lexeme: Symbol(
            "(",
        ),
        line: 38,
    },
    Token {
        kind: RightParen,
        lexeme: Symbol(
            ")",
        ),
        line: 38,
    },
    Token {
        kind: DoubleEquals,
        lexeme: Symbol(
            "==",
        ),
        line: 38,
    },
    Token {
        kind: String,
        lexeme: Symbol(
            "'g'",
        ),
        line: 38,
    },
    Token {
        kind: RightParen,
        lexeme: Symbol(
            ")",
        ),
        line: 38,
    },
    Token {
        kind: Identifier,
        lexeme: Symbol(
            "assert",
        ),
        line: 39,
    },
    Token {
        kind: LeftParen,
        lexeme: Symbol(
            "(",
        ),
        line: 39,
    },
    Token {
        kind: Identifier,
        lexeme: Symbol(
            "co",
        ),
        line: 39,
    },
    Token {
        kind: LeftParen,
        lexeme: Symbol(
            "(",
        ),
        line: 39,
    },
    Token {
        kind: RightParen,
        lexeme: Symbol(
            ")",
        ),
        line: 39,
    },
    Token {
        kind: DoubleEquals,
        lexeme: Symbol(
            "==",
        ),
        line: 39,
    },
    Token {
        kind: Number,
        lexeme: Number(
            Decimal(
                Decimal {
                    before_decimal: "0",
                    after_decimal: "",
                },
            ),
        ),
        line: 39,
    },
    Token {
        kind: RightParen,
        lexeme: Symbol(
            ")",
        ),
        line: 39,
    },
    Token {
        kind: Identifier,
        lexeme: Symbol(
            "assert",
        ),
        line: 41,
    },
    Token {
        kind: LeftParen,
        lexeme: Symbol(
            "(",
        ),
        line: 41,
    },
    Token {
        kind: Identifier,
        lexeme: Symbol(
            "X",
        ),
        line: 41,
    },
    Token {
        kind: LeftBracket,
        lexeme: Symbol(
            "[",
        ),
        line: 41,
    },
    Token {
        kind: Identifier,
        lexeme: Symbol(
            "lim",
        ),
        line: 41,
    },
    Token {
        kind: RightBracket,
        lexeme: Symbol(
            "]",
        ),
        line: 41,
    },
    Token {
        kind: DoubleEquals,
        lexeme: Symbol(
            "==",
        ),
        line: 41,
    },
    Token {
        kind: Identifier,
        lexeme: Symbol(
            "lim",
        ),
        line: 41,
    },
    Token {
        kind: Minus,
        lexeme: Symbol(
            "-",
        ),
        line: 41,
    },
    Token {
        kind: Number,
        lexeme: Number(
            Decimal(
                Decimal {
                    before_decimal: "1",
                    after_decimal: "",
                },
            ),
        ),
        line: 41,
    },
    Token {
        kind: And,
        lexeme: Symbol(
            "and",
        ),
        line: 41,
    },
    Token {
        kind: Identifier,
        lexeme: Symbol(
            "X",
        ),
        line: 41,
    },
    Token {
        kind: LeftBracket,
        lexeme: Symbol(
            "[",
        ),
        line: 41,
    },
    Token {
        kind: Identifier,
        lexeme: Symbol(
            "lim",
        ),
        line: 41,
    },
    Token {
        kind: Plus,
        lexeme: Symbol(
            "+",
        ),
        line: 41,
    },
    Token {
        kind: Number,
        lexeme: Number(
            Decimal(
                Decimal {
                    before_decimal: "1",
                    after_decimal: "",
                },
            ),
        ),
        line: 41,
    },
    Token {
        kind: RightBracket,
        lexeme: Symbol(
            "]",
        ),
        line: 41,
    },
    Token {
        kind: DoubleEquals,
        lexeme: Symbol(
            "==",
        ),
        line: 41,
    },
    Token {
        kind: Identifier,
        lexeme: Symbol(
            "lim",
        ),
        line: 41,
    },
    Token {
        kind: RightParen,
        lexeme: Symbol(
            ")",
        ),
        line: 41,
    },
    Token {
        kind: Identifier,
        lexeme: Symbol(
            "getmetatable",
        ),
        line: 44,
    },
    Token {
        kind: LeftParen,
        lexeme: Symbol(
            "(",
        ),
        line: 44,
    },
    Token {
        kind: Identifier,
        lexeme: Symbol(
            "env",
        ),
        line: 44,
    },
    Token {
        kind: RightParen,
        lexeme: Symbol(
            ")",
        ),
        line: 44,
    },
    Token {
        kind: Dot,
        lexeme: Symbol(
            ".",
        ),
        line: 44,
    },
    Token {
        kind: Identifier,
        lexeme: Symbol(
            "__index",
        ),
        line: 44,
    },
    Token {
        kind: Equals,
        lexeme: Symbol(
            "=",
        ),
        line: 44,
    },
    Token {
        kind: Function,
        lexeme: Symbol(
            "function",
        ),
        line: 44,
    },
    Token {
        kind: LeftParen,
        lexeme: Symbol(
            "(",
        ),
        line: 44,
    },
    Token {
        kind: RightParen,
        lexeme: Symbol(
            ")",
        ),
        line: 44,
    },
    Token {
        kind: End,
        lexeme: Symbol(
            "end",
        ),
        line: 44,
    },
    Token {
        kind: Identifier,
        lexeme: Symbol(
            "getmetatable",
        ),
        line: 45,
    },
    Token {
        kind: LeftParen,
        lexeme: Symbol(
            "(",
        ),
        line: 45,
    },
    Token {
        kind: Identifier,
        lexeme: Symbol(
            "env",
        ),
        line: 45,
    },
    Token {
        kind: RightParen,
        lexeme: Symbol(
            ")",
        ),
        line: 45,
    },
    Token {
        kind: Dot,
        lexeme: Symbol(
            ".",
        ),
        line: 45,
    },
    Token {
        kind: Identifier,
        lexeme: Symbol(
            "__newindex",
        ),
        line: 45,
    },
    Token {
        kind: Equals,
        lexeme: Symbol(
            "=",
        ),
        line: 45,
    },
    Token {
        kind: Function,
        lexeme: Symbol(
            "function",
        ),
        line: 45,
    },
    Token {
        kind: LeftParen,
        lexeme: Symbol(
            "(",
        ),
        line: 45,
    },
    Token {
        kind: RightParen,
        lexeme: Symbol(
            ")",
        ),
        line: 45,
    },
    Token {
        kind: End,
        lexeme: Symbol(
            "end",
        ),
        line: 45,
    },
    Token {
        kind: Local,
        lexeme: Symbol(
            "local",
        ),
        line: 46,
    },
    Token {
        kind: Identifier,
        lexeme: Symbol(
            "e",
        ),
        line: 46,
    },
    Token {
        kind: Comma,
        lexeme: Symbol(
            ",",
        ),
        line: 46,
    },
    Token {
        kind: Identifier,
        lexeme: Symbol(
            "m",
        ),
        line: 46,
    },
    Token {
        kind: Equals,
        lexeme: Symbol(
            "=",
        ),
        line: 46,
    },
    Token {
        kind: Identifier,
        lexeme: Symbol(
            "pcall",
        ),
        line: 46,
    },
    Token {
        kind: LeftParen,
        lexeme: Symbol(
            "(",
        ),
        line: 46,
    },
    Token {
        kind: Identifier,
        lexeme: Symbol(
            "f",
        ),
        line: 46,
    },
    Token {
        kind: RightParen,
        lexeme: Symbol(
            ")",
        ),
        line: 46,
    },
    Token {
        kind: Identifier,
        lexeme: Symbol(
            "assert",
        ),
        line: 47,
    },
    Token {
        kind: LeftParen,
        lexeme: Symbol(
            "(",
        ),
        line: 47,
    },
    Token {
        kind: Not,
        lexeme: Symbol(
            "not",
        ),
        line: 47,
    },
    Token {
        kind: Identifier,
        lexeme: Symbol(
            "e",
        ),
        line: 47,
    },
    Token {
        kind: And,
        lexeme: Symbol(
            "and",
        ),
        line: 47,
    },
    Token {
        kind: Identifier,
        lexeme: Symbol(
            "m",
        ),
        line: 47,
    },
    Token {
        kind: Colon,
        lexeme: Symbol(
            ":",
        ),
        line: 47,
    },
    Token {
        kind: Identifier,
        lexeme: Symbol(
            "find",
        ),
        line: 47,
    },
    Token {
        kind: LeftParen,
        lexeme: Symbol(
            "(",
        ),
        line: 47,
    },
    Token {
        kind: String,
        lexeme: Symbol(
            "\"global 'X'\"",
        ),
        line: 47,
    },
    Token {
        kind: RightParen,
        lexeme: Symbol(
            ")",
        ),
        line: 47,
    },
    Token {
        kind: RightParen,
        lexeme: Symbol(
            ")",
        ),
        line: 47,
    },
    Token {
        kind: Identifier,
        lexeme: Symbol(
            "getmetatable",
        ),
        line: 50,
    },
    Token {
        kind: LeftParen,
        lexeme: Symbol(
            "(",
        ),
        line: 50,
    },
    Token {
        kind: Identifier,
        lexeme: Symbol(
            "env",
        ),
        line: 50,
    },
    Token {
        kind: RightParen,
        lexeme: Symbol(
            ")",
        ),
        line: 50,
    },
    Token {
        kind: Dot,
        lexeme: Symbol(
            ".",
        ),
        line: 50,
    },
    Token {
        kind: Identifier,
        lexeme: Symbol(
            "__newindex",
        ),
        line: 50,
    },
    Token {
        kind: Equals,
        lexeme: Symbol(
            "=",
        ),
        line: 50,
    },
    Token {
        kind: Function,
        lexeme: Symbol(
            "function",
        ),
        line: 50,
    },
    Token {
        kind: LeftParen,
        lexeme: Symbol(
            "(",
        ),
        line: 50,
    },
    Token {
        kind: RightParen,
        lexeme: Symbol(
            ")",
        ),
        line: 50,
    },
    Token {
        kind: Identifier,
        lexeme: Symbol(
            "error",
        ),
        line: 50,
    },
    Token {
        kind: LeftParen,
        lexeme: Symbol(
            "(",
        ),
        line: 50,
    },
    Token {
        kind: String,
        lexeme: Symbol(
            "\"hi\"",
        ),
        line: 50,
    },
    Token {
        kind: RightParen,
        lexeme: Symbol(
            ")",
        ),
        line: 50,
    },
    Token {
        kind: End,
        lexeme: Symbol(
            "end",
        ),
        line: 50,
    },
    Token {
        kind: Local,
        lexeme: Symbol(
            "local",
        ),
        line: 51,
    },
    Token {
        kind: Identifier,
        lexeme: Symbol(
            "e",
        ),
        line: 51,
    },
    Token {
        kind: Comma,
        lexeme: Symbol(
            ",",
        ),
        line: 51,
    },
    Token {
        kind: Identifier,
        lexeme: Symbol(
            "m",
        ),
        line: 51,
    },
    Token {
        kind: Equals,
        lexeme: Symbol(
            "=",
        ),
        line: 51,
    },
    Token {
        kind: Identifier,
        lexeme: Symbol(
            "xpcall",
        ),
        line: 51,
    },
    Token {
        kind: LeftParen,
        lexeme: Symbol(
            "(",
        ),
        line: 51,
    },
    Token {
        kind: Identifier,
        lexeme: Symbol(
            "f",
        ),
        line: 51,
    },
    Token {
        kind: Comma,
        lexeme: Symbol(
            ",",
        ),
        line: 51,
    },
    Token {
        kind: Identifier,
        lexeme: Symbol(
            "debug",
        ),
        line: 51,
    },
    Token {
        kind: Dot,
        lexeme: Symbol(
            ".",
        ),
        line: 51,
    },
    Token {
        kind: Identifier,
        lexeme: Symbol(
            "traceback",
        ),
        line: 51,
    },
    Token {
        kind: RightParen,
        lexeme: Symbol(
            ")",
        ),
        line: 51,
    },
    Token {
        kind: Identifier,
        lexeme: Symbol(
            "assert",
        ),
        line: 52,
    },
    Token {
        kind: LeftParen,
        lexeme: Symbol(
            "(",
        ),
        line: 52,
    },
    Token {
        kind: Not,
        lexeme: Symbol(
            "not",
        ),
        line: 52,
    },
    Token {
        kind: Identifier,
        lexeme: Symbol(
            "e",
        ),
        line: 52,
    },
    Token {
        kind: And,
        lexeme: Symbol(
            "and",
        ),
        line: 52,
    },
    Token {
        kind: Identifier,
        lexeme: Symbol(
            "m",
        ),
        line: 52,
    },
    Token {
        kind: Colon,
        lexeme: Symbol(
            ":",
        ),
        line: 52,
    },
    Token {
        kind: Identifier,
        lexeme: Symbol(
            "find",
        ),
        line: 52,
    },
    Token {
        kind: LeftParen,
        lexeme: Symbol(
            "(",
        ),
        line: 52,
    },
    Token {
        kind: String,
        lexeme: Symbol(
            "\"'newindex'\"",
        ),
        line: 52,
    },
    Token {
        kind: RightParen,
        lexeme: Symbol(
            ")",
        ),
        line: 52,
    },
    Token {
        kind: RightParen,
        lexeme: Symbol(
            ")",
        ),
        line: 52,
    },
    Token {
        kind: Identifier,
        lexeme: Symbol(
            "f",
        ),
        line: 54,
    },
    Token {
        kind: Comma,
        lexeme: Symbol(
            ",",
        ),
        line: 54,
    },
    Token {
        kind: Identifier,
        lexeme: Symbol(
            "X",
        ),
        line: 54,
    },
    Token {
        kind: Equals,
        lexeme: Symbol(
            "=",
        ),
        line: 54,
    },
    Token {
        kind: Nil,
        lexeme: Symbol(
            "nil",
        ),
        line: 54,
    },
    Token {
        kind: Identifier,
        lexeme: Symbol(
            "coroutine",
        ),
        line: 56,
    },
    Token {
        kind: Dot,
        lexeme: Symbol(
            ".",
        ),
        line: 56,
    },
    Token {
        kind: Identifier,
        lexeme: Symbol(
            "yield",
        ),
        line: 56,
    },
    Token {
        kind: String,
        lexeme: Symbol(
            "'b'",
        ),
        line: 56,
    },
    Token {
        kind: If,
        lexeme: Symbol(
            "if",
        ),
        line: 58,
    },
    Token {
        kind: Number,
        lexeme: Number(
            Decimal(
                Decimal {
                    before_decimal: "2",
                    after_decimal: "",
                },
            ),
        ),
        line: 58,
    },
    Token {
        kind: Caret,
        lexeme: Symbol(
            "^",
        ),
        line: 58,
    },
    Token {
        kind: Number,
        lexeme: Number(
            Decimal(
                Decimal {
                    before_decimal: "32",
                    after_decimal: "",
                },
            ),
        ),
        line: 58,
    },
    Token {
        kind: DoubleEquals,
        lexeme: Symbol(
            "==",
        ),
        line: 58,
    },
    Token {
        kind: Number,
        lexeme: Number(
            Decimal(
                Decimal {
                    before_decimal: "0",
                    after_decimal: "",
                },
            ),
        ),
        line: 58,
    },
    Token {
        kind: Then,
        lexeme: Symbol(
            "then",
        ),
        line: 58,
    },
    Token {
        kind: Identifier,
        lexeme: Symbol(
            "print",
        ),
        line: 60,
    },
    Token {
        kind: String,
        lexeme: Symbol(
            "\"testing string length overflow\"",
        ),
        line: 60,
    },
    Token {
        kind: Local,
        lexeme: Symbol(
            "local",
        ),
        line: 62,
    },
    Token {
        kind: Identifier,
        lexeme: Symbol(
            "repstrings",
        ),
        line: 62,
    },
    Token {
        kind: Equals,
        lexeme: Symbol(
            "=",
        ),
        line: 62,
    },
    Token {
        kind: Number,
        lexeme: Number(
            Decimal(
                Decimal {
                    before_decimal: "192",
                    after_decimal: "",
                },
            ),
        ),
        line: 62,
    },
    Token {
        kind: Local,
        lexeme: Symbol(
            "local",
        ),
        line: 63,
    },
    Token {
        kind: Identifier,
        lexeme: Symbol(
            "ssize",
        ),
        line: 63,
    },
    Token {
        kind: Equals,
        lexeme: Symbol(
            "=",
        ),
        line: 63,
    },
    Token {
        kind: Identifier,
        lexeme: Symbol(
            "math",
        ),
        line: 63,
    },
    Token {
        kind: Dot,
        lexeme: Symbol(
            ".",
        ),
        line: 63,
    },
    Token {
        kind: Identifier,
        lexeme: Symbol(
            "ceil",
        ),
        line: 63,
    },
    Token {
        kind: LeftParen,
        lexeme: Symbol(
            "(",
        ),
        line: 63,
    },
    Token {
        kind: Number,
        lexeme: Number(
            Decimal(
                Decimal {
                    before_decimal: "2",
                    after_decimal: ".0",
                },
            ),
        ),
        line: 63,
    },
    Token {
        kind: Caret,
        lexeme: Symbol(
            "^",
        ),
        line: 63,
    },
    Token {
        kind: Number,
        lexeme: Number(
            Decimal(
                Decimal {
                    before_decimal: "32",
                    after_decimal: "",
                },
            ),
        ),
        line: 63,
    },
    Token {
        kind: Slash,
        lexeme: Symbol(
            "/",
        ),
        line: 63,
    },
    Token {
        kind: Identifier,
        lexeme: Symbol(
            "repstrings",
        ),
        line: 63,
    },
    Token {
        kind: RightParen,
        lexeme: Symbol(
            ")",
        ),
        line: 63,
    },
    Token {
        kind: Plus,
        lexeme: Symbol(
            "+",
        ),
        line: 63,
    },
    Token {
        kind: Number,
        lexeme: Number(
            Decimal(
                Decimal {
                    before_decimal: "1",
                    after_decimal: "",
                },
            ),
        ),
        line: 63,
    },
    Token {
        kind: Identifier,
        lexeme: Symbol(
            "assert",
        ),
        line: 65,
    },
    Token {
        kind: LeftParen,
        lexeme: Symbol(
            "(",
        ),
        line: 65,
    },
    Token {
        kind: Identifier,
        lexeme: Symbol(
            "repstrings",
        ),
        line: 65,
    },
    Token {
        kind: Star,
        lexeme: Symbol(
            "*",
        ),
        line: 65,
    },
    Token {
        kind: Identifier,
        lexeme: Symbol(
            "ssize",
        ),
        line: 65,
    },
    Token {
        kind: GreaterThan,
        lexeme: Symbol(
            ">",
        ),
        line: 65,
    },
    Token {
        kind: Number,
        lexeme: Number(
            Decimal(
                Decimal {
                    before_decimal: "2",
                    after_decimal: ".0",
                },
            ),
        ),
        line: 65,
    },
    Token {
        kind: Caret,
        lexeme: Symbol(
            "^",
        ),
        line: 65,
    },
    Token {
        kind: Number,
        lexeme: Number(
            Decimal(
                Decimal {
                    before_decimal: "32",
                    after_decimal: "",
                },
            ),
        ),
        line: 65,
    },
    Token {
        kind: RightParen,
        lexeme: Symbol(
            ")",
        ),
        line: 65,
    },
    Token {
        kind: Local,
        lexeme: Symbol(
            "local",
        ),
        line: 67,
    },
    Token {
        kind: Identifier,
        lexeme: Symbol(
            "longs",
        ),
        line: 67,
    },
    Token {
        kind: Equals,
        lexeme: Symbol(
            "=",
        ),
        line: 67,
    },
    Token {
        kind: Identifier,
        lexeme: Symbol(
            "string",
        ),
        line: 67,
    },
    Token {
        kind: Dot,
        lexeme: Symbol(
            ".",
        ),
        line: 67,
    },
    Token {
        kind: Identifier,
        lexeme: Symbol(
            "rep",
        ),
        line: 67,
    },
    Token {
        kind: LeftParen,
        lexeme: Symbol(
            "(",
        ),
        line: 67,
    },
    Token {
        kind: String,
        lexeme: Symbol(
            "\"\\0\"",
        ),
        line: 67,
    },
    Token {
        kind: Comma,
        lexeme: Symbol(
            ",",
        ),
        line: 67,
    },
    Token {
        kind: Identifier,
        lexeme: Symbol(
            "ssize",
        ),
        line: 67,
    },
    Token {
        kind: RightParen,
        lexeme: Symbol(
            ")",
        ),
        line: 67,
    },
    Token {
        kind: Local,
        lexeme: Symbol(
            "local",
        ),
        line: 70,
    },
    Token {
        kind: Identifier,
        lexeme: Symbol(
            "rep",
        ),
        line: 70,
    },
    Token {
        kind: Equals,
        lexeme: Symbol(
            "=",
        ),
        line: 70,
    },
    Token {
        kind: Identifier,
        lexeme: Symbol(
            "assert",
        ),
        line: 70,
    },
    Token {
        kind: LeftParen,
        lexeme: Symbol(
            "(",
        ),
        line: 70,
    },
    Token {
        kind: Identifier,
        lexeme: Symbol(
            "load",
        ),
        line: 70,
    },
    Token {
        kind: LeftParen,
        lexeme: Symbol(
            "(",
        ),
        line: 70,
    },
    Token {
        kind: String,
        lexeme: Symbol(
            "\"local a = ...; return \"",
        ),
        line: 71,
    },
    Token {
        kind: DoubleDot,
        lexeme: Symbol(
            "..",
        ),
        line: 71,
    },
    Token {
        kind: Identifier,
        lexeme: Symbol(
            "string",
        ),
        line: 71,
    },
    Token {
        kind: Dot,
        lexeme: Symbol(
            ".",
        ),
        line: 71,
    },
    Token {
        kind: Identifier,
        lexeme: Symbol(
            "rep",
        ),
        line: 71,
    },
    Token {
        kind: LeftParen,
        lexeme: Symbol(
            "(",
        ),
        line: 71,
    },
    Token {
        kind: String,
        lexeme: Symbol(
            "\"a\"",
        ),
        line: 71,
    },
    Token {
        kind: Comma,
        lexeme: Symbol(
            ",",
        ),
        line: 71,
    },
    Token {
        kind: Identifier,
        lexeme: Symbol(
            "repstrings",
        ),
        line: 71,
    },
    Token {
        kind: Comma,
        lexeme: Symbol(
            ",",
        ),
        line: 71,
    },
    Token {
        kind: String,
        lexeme: Symbol(
            "\"..\"",
        ),
        line: 71,
    },
    Token {
        kind: RightParen,
        lexeme: Symbol(
            ")",
        ),
        line: 71,
    },
    Token {
        kind: RightParen,
        lexeme: Symbol(
            ")",
        ),
        line: 71,
    },
    Token {
        kind: RightParen,
        lexeme: Symbol(
            ")",
        ),
        line: 71,
    },
    Token {
        kind: Local,
        lexeme: Symbol(
            "local",
        ),
        line: 73,
    },
    Token {
        kind: Identifier,
        lexeme: Symbol(
            "a",
        ),
        line: 73,
    },
    Token {
        kind: Comma,
        lexeme: Symbol(
            ",",
        ),
        line: 73,
    },
    Token {
        kind: Identifier,
        lexeme: Symbol(
            "b",
        ),
        line: 73,
    },
    Token {
        kind: Equals,
        lexeme: Symbol(
            "=",
        ),
        line: 73,
    },
    Token {
        kind: Identifier,
        lexeme: Symbol(
            "pcall",
        ),
        line: 73,
    },
    Token {
        kind: LeftParen,
        lexeme: Symbol(
            "(",
        ),
        line: 73,
    },
    Token {
        kind: Identifier,
        lexeme: Symbol(
            "rep",
        ),
        line: 73,
    },
    Token {
        kind: Comma,
        lexeme: Symbol(
            ",",
        ),
        line: 73,
    },
    Token {
        kind: Identifier,
        lexeme: Symbol(
            "longs",
        ),
        line: 73,
    },
    Token {
        kind: RightParen,
        lexeme: Symbol(
            ")",
        ),
        line: 73,
    },
    Token {
        kind: Identifier,
        lexeme: Symbol(
            "assert",
        ),
        line: 76,
    },
    Token {
        kind: LeftParen,
        lexeme: Symbol(
            "(",
        ),
        line: 76,
    },
    Token {
        kind: Not,
        lexeme: Symbol(
            "not",
        ),
        line: 76,
    },
    Token {
        kind: Identifier,
        lexeme: Symbol(
            "a",
        ),
        line: 76,
    },
    Token {
        kind: And,
        lexeme: Symbol(
            "and",
        ),
        line: 76,
    },
    Token {
        kind: Identifier,
        lexeme: Symbol(
            "string",
        ),
        line: 76,
    },
    Token {
        kind: Dot,
        lexeme: Symbol(
            ".",
        ),
        line: 76,
    },
    Token {
        kind: Identifier,
        lexeme: Symbol(
            "find",
        ),
        line: 76,
    },
    Token {
        kind: LeftParen,
        lexeme: Symbol(
            "(",
        ),
        line: 76,
    },
    Token {
        kind: Identifier,
        lexeme: Symbol(
            "b",
        ),
        line: 76,
    },
    Token {
        kind: Comma,
        lexeme: Symbol(
            ",",
        ),
        line: 76,
    },
    Token {
        kind: String,
        lexeme: Symbol(
            "\"overflow\"",
        ),
        line: 76,
    },
    Token {
        kind: RightParen,
        lexeme: Symbol(
            ")",
        ),
        line: 76,
    },
    Token {
        kind: RightParen,
        lexeme: Symbol(
            ")",
        ),
        line: 76,
    },
    Token {
        kind: End,
        lexeme: Symbol(
            "end",
        ),
        line: 78,
    },
    Token {
        kind: Identifier,
        lexeme: Symbol(
            "print",
        ),
        line: 80,
    },
    Token {
        kind: String,
        lexeme: Symbol(
            "'OK'",
        ),
        line: 80,
    },
    Token {
        kind: Return,
        lexeme: Symbol(
            "return",
        ),
        line: 82,
    },
    Token {
        kind: String,
        lexeme: Symbol(
            "'a'",
        ),
        line: 82,
    },
]
