---
source: src/main.rs
expression: scanned
input_file: test-data/lua5.1-tests/locals.lua
---
[
    Token {
        kind: Identifier,
        lexeme: Symbol(
            "print",
        ),
        line: 1,
    },
    Token {
        kind: LeftParen,
        lexeme: Symbol(
            "(",
        ),
        line: 1,
    },
    Token {
        kind: String,
        lexeme: Symbol(
            "'testing local variables plus some extra stuff'",
        ),
        line: 1,
    },
    Token {
        kind: RightParen,
        lexeme: Symbol(
            ")",
        ),
        line: 1,
    },
    Token {
        kind: Do,
        lexeme: Symbol(
            "do",
        ),
        line: 3,
    },
    Token {
        kind: Local,
        lexeme: Symbol(
            "local",
        ),
        line: 4,
    },
    Token {
        kind: Identifier,
        lexeme: Symbol(
            "i",
        ),
        line: 4,
    },
    Token {
        kind: Equals,
        lexeme: Symbol(
            "=",
        ),
        line: 4,
    },
    Token {
        kind: Number,
        lexeme: Number(
            Decimal(
                Decimal {
                    before_decimal: "10",
                    after_decimal: "",
                },
            ),
        ),
        line: 4,
    },
    Token {
        kind: Do,
        lexeme: Symbol(
            "do",
        ),
        line: 5,
    },
    Token {
        kind: Local,
        lexeme: Symbol(
            "local",
        ),
        line: 5,
    },
    Token {
        kind: Identifier,
        lexeme: Symbol(
            "i",
        ),
        line: 5,
    },
    Token {
        kind: Equals,
        lexeme: Symbol(
            "=",
        ),
        line: 5,
    },
    Token {
        kind: Number,
        lexeme: Number(
            Decimal(
                Decimal {
                    before_decimal: "100",
                    after_decimal: "",
                },
            ),
        ),
        line: 5,
    },
    Token {
        kind: Semicolon,
        lexeme: Symbol(
            ";",
        ),
        line: 5,
    },
    Token {
        kind: Identifier,
        lexeme: Symbol(
            "assert",
        ),
        line: 5,
    },
    Token {
        kind: LeftParen,
        lexeme: Symbol(
            "(",
        ),
        line: 5,
    },
    Token {
        kind: Identifier,
        lexeme: Symbol(
            "i",
        ),
        line: 5,
    },
    Token {
        kind: DoubleEquals,
        lexeme: Symbol(
            "==",
        ),
        line: 5,
    },
    Token {
        kind: Number,
        lexeme: Number(
            Decimal(
                Decimal {
                    before_decimal: "100",
                    after_decimal: "",
                },
            ),
        ),
        line: 5,
    },
    Token {
        kind: RightParen,
        lexeme: Symbol(
            ")",
        ),
        line: 5,
    },
    Token {
        kind: End,
        lexeme: Symbol(
            "end",
        ),
        line: 5,
    },
    Token {
        kind: Do,
        lexeme: Symbol(
            "do",
        ),
        line: 6,
    },
    Token {
        kind: Local,
        lexeme: Symbol(
            "local",
        ),
        line: 6,
    },
    Token {
        kind: Identifier,
        lexeme: Symbol(
            "i",
        ),
        line: 6,
    },
    Token {
        kind: Equals,
        lexeme: Symbol(
            "=",
        ),
        line: 6,
    },
    Token {
        kind: Number,
        lexeme: Number(
            Decimal(
                Decimal {
                    before_decimal: "1000",
                    after_decimal: "",
                },
            ),
        ),
        line: 6,
    },
    Token {
        kind: Semicolon,
        lexeme: Symbol(
            ";",
        ),
        line: 6,
    },
    Token {
        kind: Identifier,
        lexeme: Symbol(
            "assert",
        ),
        line: 6,
    },
    Token {
        kind: LeftParen,
        lexeme: Symbol(
            "(",
        ),
        line: 6,
    },
    Token {
        kind: Identifier,
        lexeme: Symbol(
            "i",
        ),
        line: 6,
    },
    Token {
        kind: DoubleEquals,
        lexeme: Symbol(
            "==",
        ),
        line: 6,
    },
    Token {
        kind: Number,
        lexeme: Number(
            Decimal(
                Decimal {
                    before_decimal: "1000",
                    after_decimal: "",
                },
            ),
        ),
        line: 6,
    },
    Token {
        kind: RightParen,
        lexeme: Symbol(
            ")",
        ),
        line: 6,
    },
    Token {
        kind: End,
        lexeme: Symbol(
            "end",
        ),
        line: 6,
    },
    Token {
        kind: Identifier,
        lexeme: Symbol(
            "assert",
        ),
        line: 7,
    },
    Token {
        kind: LeftParen,
        lexeme: Symbol(
            "(",
        ),
        line: 7,
    },
    Token {
        kind: Identifier,
        lexeme: Symbol(
            "i",
        ),
        line: 7,
    },
    Token {
        kind: DoubleEquals,
        lexeme: Symbol(
            "==",
        ),
        line: 7,
    },
    Token {
        kind: Number,
        lexeme: Number(
            Decimal(
                Decimal {
                    before_decimal: "10",
                    after_decimal: "",
                },
            ),
        ),
        line: 7,
    },
    Token {
        kind: RightParen,
        lexeme: Symbol(
            ")",
        ),
        line: 7,
    },
    Token {
        kind: If,
        lexeme: Symbol(
            "if",
        ),
        line: 8,
    },
    Token {
        kind: Identifier,
        lexeme: Symbol(
            "i",
        ),
        line: 8,
    },
    Token {
        kind: NotEquals,
        lexeme: Symbol(
            "~=",
        ),
        line: 8,
    },
    Token {
        kind: Number,
        lexeme: Number(
            Decimal(
                Decimal {
                    before_decimal: "10",
                    after_decimal: "",
                },
            ),
        ),
        line: 8,
    },
    Token {
        kind: Then,
        lexeme: Symbol(
            "then",
        ),
        line: 8,
    },
    Token {
        kind: Local,
        lexeme: Symbol(
            "local",
        ),
        line: 9,
    },
    Token {
        kind: Identifier,
        lexeme: Symbol(
            "i",
        ),
        line: 9,
    },
    Token {
        kind: Equals,
        lexeme: Symbol(
            "=",
        ),
        line: 9,
    },
    Token {
        kind: Number,
        lexeme: Number(
            Decimal(
                Decimal {
                    before_decimal: "20",
                    after_decimal: "",
                },
            ),
        ),
        line: 9,
    },
    Token {
        kind: Else,
        lexeme: Symbol(
            "else",
        ),
        line: 10,
    },
    Token {
        kind: Local,
        lexeme: Symbol(
            "local",
        ),
        line: 11,
    },
    Token {
        kind: Identifier,
        lexeme: Symbol(
            "i",
        ),
        line: 11,
    },
    Token {
        kind: Equals,
        lexeme: Symbol(
            "=",
        ),
        line: 11,
    },
    Token {
        kind: Number,
        lexeme: Number(
            Decimal(
                Decimal {
                    before_decimal: "30",
                    after_decimal: "",
                },
            ),
        ),
        line: 11,
    },
    Token {
        kind: Identifier,
        lexeme: Symbol(
            "assert",
        ),
        line: 12,
    },
    Token {
        kind: LeftParen,
        lexeme: Symbol(
            "(",
        ),
        line: 12,
    },
    Token {
        kind: Identifier,
        lexeme: Symbol(
            "i",
        ),
        line: 12,
    },
    Token {
        kind: DoubleEquals,
        lexeme: Symbol(
            "==",
        ),
        line: 12,
    },
    Token {
        kind: Number,
        lexeme: Number(
            Decimal(
                Decimal {
                    before_decimal: "30",
                    after_decimal: "",
                },
            ),
        ),
        line: 12,
    },
    Token {
        kind: RightParen,
        lexeme: Symbol(
            ")",
        ),
        line: 12,
    },
    Token {
        kind: End,
        lexeme: Symbol(
            "end",
        ),
        line: 13,
    },
    Token {
        kind: End,
        lexeme: Symbol(
            "end",
        ),
        line: 14,
    },
    Token {
        kind: Identifier,
        lexeme: Symbol(
            "f",
        ),
        line: 18,
    },
    Token {
        kind: Equals,
        lexeme: Symbol(
            "=",
        ),
        line: 18,
    },
    Token {
        kind: Nil,
        lexeme: Symbol(
            "nil",
        ),
        line: 18,
    },
    Token {
        kind: Local,
        lexeme: Symbol(
            "local",
        ),
        line: 20,
    },
    Token {
        kind: Identifier,
        lexeme: Symbol(
            "f",
        ),
        line: 20,
    },
    Token {
        kind: Identifier,
        lexeme: Symbol(
            "x",
        ),
        line: 21,
    },
    Token {
        kind: Equals,
        lexeme: Symbol(
            "=",
        ),
        line: 21,
    },
    Token {
        kind: Number,
        lexeme: Number(
            Decimal(
                Decimal {
                    before_decimal: "1",
                    after_decimal: "",
                },
            ),
        ),
        line: 21,
    },
    Token {
        kind: Identifier,
        lexeme: Symbol(
            "a",
        ),
        line: 23,
    },
    Token {
        kind: Equals,
        lexeme: Symbol(
            "=",
        ),
        line: 23,
    },
    Token {
        kind: Nil,
        lexeme: Symbol(
            "nil",
        ),
        line: 23,
    },
    Token {
        kind: Identifier,
        lexeme: Symbol(
            "loadstring",
        ),
        line: 24,
    },
    Token {
        kind: LeftParen,
        lexeme: Symbol(
            "(",
        ),
        line: 24,
    },
    Token {
        kind: String,
        lexeme: Symbol(
            "'local a = {}'",
        ),
        line: 24,
    },
    Token {
        kind: RightParen,
        lexeme: Symbol(
            ")",
        ),
        line: 24,
    },
    Token {
        kind: LeftParen,
        lexeme: Symbol(
            "(",
        ),
        line: 24,
    },
    Token {
        kind: RightParen,
        lexeme: Symbol(
            ")",
        ),
        line: 24,
    },
    Token {
        kind: Identifier,
        lexeme: Symbol(
            "assert",
        ),
        line: 25,
    },
    Token {
        kind: LeftParen,
        lexeme: Symbol(
            "(",
        ),
        line: 25,
    },
    Token {
        kind: Identifier,
        lexeme: Symbol(
            "type",
        ),
        line: 25,
    },
    Token {
        kind: LeftParen,
        lexeme: Symbol(
            "(",
        ),
        line: 25,
    },
    Token {
        kind: Identifier,
        lexeme: Symbol(
            "a",
        ),
        line: 25,
    },
    Token {
        kind: RightParen,
        lexeme: Symbol(
            ")",
        ),
        line: 25,
    },
    Token {
        kind: NotEquals,
        lexeme: Symbol(
            "~=",
        ),
        line: 25,
    },
    Token {
        kind: String,
        lexeme: Symbol(
            "'table'",
        ),
        line: 25,
    },
    Token {
        kind: RightParen,
        lexeme: Symbol(
            ")",
        ),
        line: 25,
    },
    Token {
        kind: Function,
        lexeme: Symbol(
            "function",
        ),
        line: 27,
    },
    Token {
        kind: Identifier,
        lexeme: Symbol(
            "f",
        ),
        line: 27,
    },
    Token {
        kind: LeftParen,
        lexeme: Symbol(
            "(",
        ),
        line: 27,
    },
    Token {
        kind: Identifier,
        lexeme: Symbol(
            "a",
        ),
        line: 27,
    },
    Token {
        kind: RightParen,
        lexeme: Symbol(
            ")",
        ),
        line: 27,
    },
    Token {
        kind: Local,
        lexeme: Symbol(
            "local",
        ),
        line: 28,
    },
    Token {
        kind: Identifier,
        lexeme: Symbol(
            "_1",
        ),
        line: 28,
    },
    Token {
        kind: Comma,
        lexeme: Symbol(
            ",",
        ),
        line: 28,
    },
    Token {
        kind: Identifier,
        lexeme: Symbol(
            "_2",
        ),
        line: 28,
    },
    Token {
        kind: Comma,
        lexeme: Symbol(
            ",",
        ),
        line: 28,
    },
    Token {
        kind: Identifier,
        lexeme: Symbol(
            "_3",
        ),
        line: 28,
    },
    Token {
        kind: Comma,
        lexeme: Symbol(
            ",",
        ),
        line: 28,
    },
    Token {
        kind: Identifier,
        lexeme: Symbol(
            "_4",
        ),
        line: 28,
    },
    Token {
        kind: Comma,
        lexeme: Symbol(
            ",",
        ),
        line: 28,
    },
    Token {
        kind: Identifier,
        lexeme: Symbol(
            "_5",
        ),
        line: 28,
    },
    Token {
        kind: Local,
        lexeme: Symbol(
            "local",
        ),
        line: 29,
    },
    Token {
        kind: Identifier,
        lexeme: Symbol(
            "_6",
        ),
        line: 29,
    },
    Token {
        kind: Comma,
        lexeme: Symbol(
            ",",
        ),
        line: 29,
    },
    Token {
        kind: Identifier,
        lexeme: Symbol(
            "_7",
        ),
        line: 29,
    },
    Token {
        kind: Comma,
        lexeme: Symbol(
            ",",
        ),
        line: 29,
    },
    Token {
        kind: Identifier,
        lexeme: Symbol(
            "_8",
        ),
        line: 29,
    },
    Token {
        kind: Comma,
        lexeme: Symbol(
            ",",
        ),
        line: 29,
    },
    Token {
        kind: Identifier,
        lexeme: Symbol(
            "_9",
        ),
        line: 29,
    },
    Token {
        kind: Comma,
        lexeme: Symbol(
            ",",
        ),
        line: 29,
    },
    Token {
        kind: Identifier,
        lexeme: Symbol(
            "_10",
        ),
        line: 29,
    },
    Token {
        kind: Local,
        lexeme: Symbol(
            "local",
        ),
        line: 30,
    },
    Token {
        kind: Identifier,
        lexeme: Symbol(
            "x",
        ),
        line: 30,
    },
    Token {
        kind: Equals,
        lexeme: Symbol(
            "=",
        ),
        line: 30,
    },
    Token {
        kind: Number,
        lexeme: Number(
            Decimal(
                Decimal {
                    before_decimal: "3",
                    after_decimal: "",
                },
            ),
        ),
        line: 30,
    },
    Token {
        kind: Local,
        lexeme: Symbol(
            "local",
        ),
        line: 31,
    },
    Token {
        kind: Identifier,
        lexeme: Symbol(
            "b",
        ),
        line: 31,
    },
    Token {
        kind: Equals,
        lexeme: Symbol(
            "=",
        ),
        line: 31,
    },
    Token {
        kind: Identifier,
        lexeme: Symbol(
            "a",
        ),
        line: 31,
    },
    Token {
        kind: Local,
        lexeme: Symbol(
            "local",
        ),
        line: 32,
    },
    Token {
        kind: Identifier,
        lexeme: Symbol(
            "c",
        ),
        line: 32,
    },
    Token {
        kind: Comma,
        lexeme: Symbol(
            ",",
        ),
        line: 32,
    },
    Token {
        kind: Identifier,
        lexeme: Symbol(
            "d",
        ),
        line: 32,
    },
    Token {
        kind: Equals,
        lexeme: Symbol(
            "=",
        ),
        line: 32,
    },
    Token {
        kind: Identifier,
        lexeme: Symbol(
            "a",
        ),
        line: 32,
    },
    Token {
        kind: Comma,
        lexeme: Symbol(
            ",",
        ),
        line: 32,
    },
    Token {
        kind: Identifier,
        lexeme: Symbol(
            "b",
        ),
        line: 32,
    },
    Token {
        kind: If,
        lexeme: Symbol(
            "if",
        ),
        line: 33,
    },
    Token {
        kind: LeftParen,
        lexeme: Symbol(
            "(",
        ),
        line: 33,
    },
    Token {
        kind: Identifier,
        lexeme: Symbol(
            "d",
        ),
        line: 33,
    },
    Token {
        kind: DoubleEquals,
        lexeme: Symbol(
            "==",
        ),
        line: 33,
    },
    Token {
        kind: Identifier,
        lexeme: Symbol(
            "b",
        ),
        line: 33,
    },
    Token {
        kind: RightParen,
        lexeme: Symbol(
            ")",
        ),
        line: 33,
    },
    Token {
        kind: Then,
        lexeme: Symbol(
            "then",
        ),
        line: 33,
    },
    Token {
        kind: Local,
        lexeme: Symbol(
            "local",
        ),
        line: 34,
    },
    Token {
        kind: Identifier,
        lexeme: Symbol(
            "x",
        ),
        line: 34,
    },
    Token {
        kind: Equals,
        lexeme: Symbol(
            "=",
        ),
        line: 34,
    },
    Token {
        kind: String,
        lexeme: Symbol(
            "'q'",
        ),
        line: 34,
    },
    Token {
        kind: Identifier,
        lexeme: Symbol(
            "x",
        ),
        line: 35,
    },
    Token {
        kind: Equals,
        lexeme: Symbol(
            "=",
        ),
        line: 35,
    },
    Token {
        kind: Identifier,
        lexeme: Symbol(
            "b",
        ),
        line: 35,
    },
    Token {
        kind: Identifier,
        lexeme: Symbol(
            "assert",
        ),
        line: 36,
    },
    Token {
        kind: LeftParen,
        lexeme: Symbol(
            "(",
        ),
        line: 36,
    },
    Token {
        kind: Identifier,
        lexeme: Symbol(
            "x",
        ),
        line: 36,
    },
    Token {
        kind: DoubleEquals,
        lexeme: Symbol(
            "==",
        ),
        line: 36,
    },
    Token {
        kind: Number,
        lexeme: Number(
            Decimal(
                Decimal {
                    before_decimal: "2",
                    after_decimal: "",
                },
            ),
        ),
        line: 36,
    },
    Token {
        kind: RightParen,
        lexeme: Symbol(
            ")",
        ),
        line: 36,
    },
    Token {
        kind: Else,
        lexeme: Symbol(
            "else",
        ),
        line: 37,
    },
    Token {
        kind: Identifier,
        lexeme: Symbol(
            "assert",
        ),
        line: 38,
    },
    Token {
        kind: LeftParen,
        lexeme: Symbol(
            "(",
        ),
        line: 38,
    },
    Token {
        kind: Nil,
        lexeme: Symbol(
            "nil",
        ),
        line: 38,
    },
    Token {
        kind: RightParen,
        lexeme: Symbol(
            ")",
        ),
        line: 38,
    },
    Token {
        kind: End,
        lexeme: Symbol(
            "end",
        ),
        line: 39,
    },
    Token {
        kind: Identifier,
        lexeme: Symbol(
            "assert",
        ),
        line: 40,
    },
    Token {
        kind: LeftParen,
        lexeme: Symbol(
            "(",
        ),
        line: 40,
    },
    Token {
        kind: Identifier,
        lexeme: Symbol(
            "x",
        ),
        line: 40,
    },
    Token {
        kind: DoubleEquals,
        lexeme: Symbol(
            "==",
        ),
        line: 40,
    },
    Token {
        kind: Number,
        lexeme: Number(
            Decimal(
                Decimal {
                    before_decimal: "3",
                    after_decimal: "",
                },
            ),
        ),
        line: 40,
    },
    Token {
        kind: RightParen,
        lexeme: Symbol(
            ")",
        ),
        line: 40,
    },
    Token {
        kind: Local,
        lexeme: Symbol(
            "local",
        ),
        line: 41,
    },
    Token {
        kind: Identifier,
        lexeme: Symbol(
            "f",
        ),
        line: 41,
    },
    Token {
        kind: Equals,
        lexeme: Symbol(
            "=",
        ),
        line: 41,
    },
    Token {
        kind: Number,
        lexeme: Number(
            Decimal(
                Decimal {
                    before_decimal: "10",
                    after_decimal: "",
                },
            ),
        ),
        line: 41,
    },
    Token {
        kind: End,
        lexeme: Symbol(
            "end",
        ),
        line: 42,
    },
    Token {
        kind: Local,
        lexeme: Symbol(
            "local",
        ),
        line: 44,
    },
    Token {
        kind: Identifier,
        lexeme: Symbol(
            "b",
        ),
        line: 44,
    },
    Token {
        kind: Equals,
        lexeme: Symbol(
            "=",
        ),
        line: 44,
    },
    Token {
        kind: Number,
        lexeme: Number(
            Decimal(
                Decimal {
                    before_decimal: "10",
                    after_decimal: "",
                },
            ),
        ),
        line: 44,
    },
    Token {
        kind: Local,
        lexeme: Symbol(
            "local",
        ),
        line: 45,
    },
    Token {
        kind: Identifier,
        lexeme: Symbol(
            "a",
        ),
        line: 45,
    },
    Token {
        kind: Semicolon,
        lexeme: Symbol(
            ";",
        ),
        line: 45,
    },
    Token {
        kind: Repeat,
        lexeme: Symbol(
            "repeat",
        ),
        line: 45,
    },
    Token {
        kind: Local,
        lexeme: Symbol(
            "local",
        ),
        line: 45,
    },
    Token {
        kind: Identifier,
        lexeme: Symbol(
            "b",
        ),
        line: 45,
    },
    Token {
        kind: Semicolon,
        lexeme: Symbol(
            ";",
        ),
        line: 45,
    },
    Token {
        kind: Identifier,
        lexeme: Symbol(
            "a",
        ),
        line: 45,
    },
    Token {
        kind: Comma,
        lexeme: Symbol(
            ",",
        ),
        line: 45,
    },
    Token {
        kind: Identifier,
        lexeme: Symbol(
            "b",
        ),
        line: 45,
    },
    Token {
        kind: Equals,
        lexeme: Symbol(
            "=",
        ),
        line: 45,
    },
    Token {
        kind: Number,
        lexeme: Number(
            Decimal(
                Decimal {
                    before_decimal: "1",
                    after_decimal: "",
                },
            ),
        ),
        line: 45,
    },
    Token {
        kind: Comma,
        lexeme: Symbol(
            ",",
        ),
        line: 45,
    },
    Token {
        kind: Number,
        lexeme: Number(
            Decimal(
                Decimal {
                    before_decimal: "2",
                    after_decimal: "",
                },
            ),
        ),
        line: 45,
    },
    Token {
        kind: Semicolon,
        lexeme: Symbol(
            ";",
        ),
        line: 45,
    },
    Token {
        kind: Identifier,
        lexeme: Symbol(
            "assert",
        ),
        line: 45,
    },
    Token {
        kind: LeftParen,
        lexeme: Symbol(
            "(",
        ),
        line: 45,
    },
    Token {
        kind: Identifier,
        lexeme: Symbol(
            "a",
        ),
        line: 45,
    },
    Token {
        kind: Plus,
        lexeme: Symbol(
            "+",
        ),
        line: 45,
    },
    Token {
        kind: Number,
        lexeme: Number(
            Decimal(
                Decimal {
                    before_decimal: "1",
                    after_decimal: "",
                },
            ),
        ),
        line: 45,
    },
    Token {
        kind: DoubleEquals,
        lexeme: Symbol(
            "==",
        ),
        line: 45,
    },
    Token {
        kind: Identifier,
        lexeme: Symbol(
            "b",
        ),
        line: 45,
    },
    Token {
        kind: RightParen,
        lexeme: Symbol(
            ")",
        ),
        line: 45,
    },
    Token {
        kind: Semicolon,
        lexeme: Symbol(
            ";",
        ),
        line: 45,
    },
    Token {
        kind: Until,
        lexeme: Symbol(
            "until",
        ),
        line: 45,
    },
    Token {
        kind: Identifier,
        lexeme: Symbol(
            "a",
        ),
        line: 45,
    },
    Token {
        kind: Plus,
        lexeme: Symbol(
            "+",
        ),
        line: 45,
    },
    Token {
        kind: Identifier,
        lexeme: Symbol(
            "b",
        ),
        line: 45,
    },
    Token {
        kind: DoubleEquals,
        lexeme: Symbol(
            "==",
        ),
        line: 45,
    },
    Token {
        kind: Number,
        lexeme: Number(
            Decimal(
                Decimal {
                    before_decimal: "3",
                    after_decimal: "",
                },
            ),
        ),
        line: 45,
    },
    Token {
        kind: Identifier,
        lexeme: Symbol(
            "assert",
        ),
        line: 48,
    },
    Token {
        kind: LeftParen,
        lexeme: Symbol(
            "(",
        ),
        line: 48,
    },
    Token {
        kind: Identifier,
        lexeme: Symbol(
            "x",
        ),
        line: 48,
    },
    Token {
        kind: DoubleEquals,
        lexeme: Symbol(
            "==",
        ),
        line: 48,
    },
    Token {
        kind: Number,
        lexeme: Number(
            Decimal(
                Decimal {
                    before_decimal: "1",
                    after_decimal: "",
                },
            ),
        ),
        line: 48,
    },
    Token {
        kind: RightParen,
        lexeme: Symbol(
            ")",
        ),
        line: 48,
    },
    Token {
        kind: Identifier,
        lexeme: Symbol(
            "f",
        ),
        line: 50,
    },
    Token {
        kind: LeftParen,
        lexeme: Symbol(
            "(",
        ),
        line: 50,
    },
    Token {
        kind: Number,
        lexeme: Number(
            Decimal(
                Decimal {
                    before_decimal: "2",
                    after_decimal: "",
                },
            ),
        ),
        line: 50,
    },
    Token {
        kind: RightParen,
        lexeme: Symbol(
            ")",
        ),
        line: 50,
    },
    Token {
        kind: Identifier,
        lexeme: Symbol(
            "assert",
        ),
        line: 51,
    },
    Token {
        kind: LeftParen,
        lexeme: Symbol(
            "(",
        ),
        line: 51,
    },
    Token {
        kind: Identifier,
        lexeme: Symbol(
            "type",
        ),
        line: 51,
    },
    Token {
        kind: LeftParen,
        lexeme: Symbol(
            "(",
        ),
        line: 51,
    },
    Token {
        kind: Identifier,
        lexeme: Symbol(
            "f",
        ),
        line: 51,
    },
    Token {
        kind: RightParen,
        lexeme: Symbol(
            ")",
        ),
        line: 51,
    },
    Token {
        kind: DoubleEquals,
        lexeme: Symbol(
            "==",
        ),
        line: 51,
    },
    Token {
        kind: String,
        lexeme: Symbol(
            "'function'",
        ),
        line: 51,
    },
    Token {
        kind: RightParen,
        lexeme: Symbol(
            ")",
        ),
        line: 51,
    },
    Token {
        kind: Do,
        lexeme: Symbol(
            "do",
        ),
        line: 55,
    },
    Token {
        kind: Local,
        lexeme: Symbol(
            "local",
        ),
        line: 56,
    },
    Token {
        kind: Identifier,
        lexeme: Symbol(
            "f",
        ),
        line: 56,
    },
    Token {
        kind: Equals,
        lexeme: Symbol(
            "=",
        ),
        line: 56,
    },
    Token {
        kind: LeftBrace,
        lexeme: Symbol(
            "{",
        ),
        line: 56,
    },
    Token {
        kind: RightBrace,
        lexeme: Symbol(
            "}",
        ),
        line: 56,
    },
    Token {
        kind: Local,
        lexeme: Symbol(
            "local",
        ),
        line: 57,
    },
    Token {
        kind: Identifier,
        lexeme: Symbol(
            "_G",
        ),
        line: 57,
    },
    Token {
        kind: Equals,
        lexeme: Symbol(
            "=",
        ),
        line: 57,
    },
    Token {
        kind: Identifier,
        lexeme: Symbol(
            "_G",
        ),
        line: 57,
    },
    Token {
        kind: For,
        lexeme: Symbol(
            "for",
        ),
        line: 58,
    },
    Token {
        kind: Identifier,
        lexeme: Symbol(
            "i",
        ),
        line: 58,
    },
    Token {
        kind: Equals,
        lexeme: Symbol(
            "=",
        ),
        line: 58,
    },
    Token {
        kind: Number,
        lexeme: Number(
            Decimal(
                Decimal {
                    before_decimal: "1",
                    after_decimal: "",
                },
            ),
        ),
        line: 58,
    },
    Token {
        kind: Comma,
        lexeme: Symbol(
            ",",
        ),
        line: 58,
    },
    Token {
        kind: Number,
        lexeme: Number(
            Decimal(
                Decimal {
                    before_decimal: "10",
                    after_decimal: "",
                },
            ),
        ),
        line: 58,
    },
    Token {
        kind: Do,
        lexeme: Symbol(
            "do",
        ),
        line: 58,
    },
    Token {
        kind: Identifier,
        lexeme: Symbol(
            "f",
        ),
        line: 58,
    },
    Token {
        kind: LeftBracket,
        lexeme: Symbol(
            "[",
        ),
        line: 58,
    },
    Token {
        kind: Identifier,
        lexeme: Symbol(
            "i",
        ),
        line: 58,
    },
    Token {
        kind: RightBracket,
        lexeme: Symbol(
            "]",
        ),
        line: 58,
    },
    Token {
        kind: Equals,
        lexeme: Symbol(
            "=",
        ),
        line: 58,
    },
    Token {
        kind: Function,
        lexeme: Symbol(
            "function",
        ),
        line: 58,
    },
    Token {
        kind: LeftParen,
        lexeme: Symbol(
            "(",
        ),
        line: 58,
    },
    Token {
        kind: Identifier,
        lexeme: Symbol(
            "x",
        ),
        line: 58,
    },
    Token {
        kind: RightParen,
        lexeme: Symbol(
            ")",
        ),
        line: 58,
    },
    Token {
        kind: Identifier,
        lexeme: Symbol(
            "A",
        ),
        line: 58,
    },
    Token {
        kind: Equals,
        lexeme: Symbol(
            "=",
        ),
        line: 58,
    },
    Token {
        kind: Identifier,
        lexeme: Symbol(
            "A",
        ),
        line: 58,
    },
    Token {
        kind: Plus,
        lexeme: Symbol(
            "+",
        ),
        line: 58,
    },
    Token {
        kind: Number,
        lexeme: Number(
            Decimal(
                Decimal {
                    before_decimal: "1",
                    after_decimal: "",
                },
            ),
        ),
        line: 58,
    },
    Token {
        kind: Semicolon,
        lexeme: Symbol(
            ";",
        ),
        line: 58,
    },
    Token {
        kind: Return,
        lexeme: Symbol(
            "return",
        ),
        line: 58,
    },
    Token {
        kind: Identifier,
        lexeme: Symbol(
            "A",
        ),
        line: 58,
    },
    Token {
        kind: Comma,
        lexeme: Symbol(
            ",",
        ),
        line: 58,
    },
    Token {
        kind: Identifier,
        lexeme: Symbol(
            "_G",
        ),
        line: 58,
    },
    Token {
        kind: Dot,
        lexeme: Symbol(
            ".",
        ),
        line: 58,
    },
    Token {
        kind: Identifier,
        lexeme: Symbol(
            "getfenv",
        ),
        line: 58,
    },
    Token {
        kind: LeftParen,
        lexeme: Symbol(
            "(",
        ),
        line: 58,
    },
    Token {
        kind: Identifier,
        lexeme: Symbol(
            "x",
        ),
        line: 58,
    },
    Token {
        kind: RightParen,
        lexeme: Symbol(
            ")",
        ),
        line: 58,
    },
    Token {
        kind: End,
        lexeme: Symbol(
            "end",
        ),
        line: 58,
    },
    Token {
        kind: End,
        lexeme: Symbol(
            "end",
        ),
        line: 58,
    },
    Token {
        kind: Identifier,
        lexeme: Symbol(
            "A",
        ),
        line: 59,
    },
    Token {
        kind: Equals,
        lexeme: Symbol(
            "=",
        ),
        line: 59,
    },
    Token {
        kind: Number,
        lexeme: Number(
            Decimal(
                Decimal {
                    before_decimal: "10",
                    after_decimal: "",
                },
            ),
        ),
        line: 59,
    },
    Token {
        kind: Semicolon,
        lexeme: Symbol(
            ";",
        ),
        line: 59,
    },
    Token {
        kind: Identifier,
        lexeme: Symbol(
            "assert",
        ),
        line: 59,
    },
    Token {
        kind: LeftParen,
        lexeme: Symbol(
            "(",
        ),
        line: 59,
    },
    Token {
        kind: Identifier,
        lexeme: Symbol(
            "f",
        ),
        line: 59,
    },
    Token {
        kind: LeftBracket,
        lexeme: Symbol(
            "[",
        ),
        line: 59,
    },
    Token {
        kind: Number,
        lexeme: Number(
            Decimal(
                Decimal {
                    before_decimal: "1",
                    after_decimal: "",
                },
            ),
        ),
        line: 59,
    },
    Token {
        kind: RightBracket,
        lexeme: Symbol(
            "]",
        ),
        line: 59,
    },
    Token {
        kind: LeftParen,
        lexeme: Symbol(
            "(",
        ),
        line: 59,
    },
    Token {
        kind: RightParen,
        lexeme: Symbol(
            ")",
        ),
        line: 59,
    },
    Token {
        kind: DoubleEquals,
        lexeme: Symbol(
            "==",
        ),
        line: 59,
    },
    Token {
        kind: Number,
        lexeme: Number(
            Decimal(
                Decimal {
                    before_decimal: "11",
                    after_decimal: "",
                },
            ),
        ),
        line: 59,
    },
    Token {
        kind: RightParen,
        lexeme: Symbol(
            ")",
        ),
        line: 59,
    },
    Token {
        kind: For,
        lexeme: Symbol(
            "for",
        ),
        line: 60,
    },
    Token {
        kind: Identifier,
        lexeme: Symbol(
            "i",
        ),
        line: 60,
    },
    Token {
        kind: Equals,
        lexeme: Symbol(
            "=",
        ),
        line: 60,
    },
    Token {
        kind: Number,
        lexeme: Number(
            Decimal(
                Decimal {
                    before_decimal: "1",
                    after_decimal: "",
                },
            ),
        ),
        line: 60,
    },
    Token {
        kind: Comma,
        lexeme: Symbol(
            ",",
        ),
        line: 60,
    },
    Token {
        kind: Number,
        lexeme: Number(
            Decimal(
                Decimal {
                    before_decimal: "10",
                    after_decimal: "",
                },
            ),
        ),
        line: 60,
    },
    Token {
        kind: Do,
        lexeme: Symbol(
            "do",
        ),
        line: 60,
    },
    Token {
        kind: Identifier,
        lexeme: Symbol(
            "assert",
        ),
        line: 60,
    },
    Token {
        kind: LeftParen,
        lexeme: Symbol(
            "(",
        ),
        line: 60,
    },
    Token {
        kind: Identifier,
        lexeme: Symbol(
            "setfenv",
        ),
        line: 60,
    },
    Token {
        kind: LeftParen,
        lexeme: Symbol(
            "(",
        ),
        line: 60,
    },
    Token {
        kind: Identifier,
        lexeme: Symbol(
            "f",
        ),
        line: 60,
    },
    Token {
        kind: LeftBracket,
        lexeme: Symbol(
            "[",
        ),
        line: 60,
    },
    Token {
        kind: Identifier,
        lexeme: Symbol(
            "i",
        ),
        line: 60,
    },
    Token {
        kind: RightBracket,
        lexeme: Symbol(
            "]",
        ),
        line: 60,
    },
    Token {
        kind: Comma,
        lexeme: Symbol(
            ",",
        ),
        line: 60,
    },
    Token {
        kind: LeftBrace,
        lexeme: Symbol(
            "{",
        ),
        line: 60,
    },
    Token {
        kind: Identifier,
        lexeme: Symbol(
            "A",
        ),
        line: 60,
    },
    Token {
        kind: Equals,
        lexeme: Symbol(
            "=",
        ),
        line: 60,
    },
    Token {
        kind: Identifier,
        lexeme: Symbol(
            "i",
        ),
        line: 60,
    },
    Token {
        kind: RightBrace,
        lexeme: Symbol(
            "}",
        ),
        line: 60,
    },
    Token {
        kind: RightParen,
        lexeme: Symbol(
            ")",
        ),
        line: 60,
    },
    Token {
        kind: DoubleEquals,
        lexeme: Symbol(
            "==",
        ),
        line: 60,
    },
    Token {
        kind: Identifier,
        lexeme: Symbol(
            "f",
        ),
        line: 60,
    },
    Token {
        kind: LeftBracket,
        lexeme: Symbol(
            "[",
        ),
        line: 60,
    },
    Token {
        kind: Identifier,
        lexeme: Symbol(
            "i",
        ),
        line: 60,
    },
    Token {
        kind: RightBracket,
        lexeme: Symbol(
            "]",
        ),
        line: 60,
    },
    Token {
        kind: RightParen,
        lexeme: Symbol(
            ")",
        ),
        line: 60,
    },
    Token {
        kind: End,
        lexeme: Symbol(
            "end",
        ),
        line: 60,
    },
    Token {
        kind: Identifier,
        lexeme: Symbol(
            "assert",
        ),
        line: 61,
    },
    Token {
        kind: LeftParen,
        lexeme: Symbol(
            "(",
        ),
        line: 61,
    },
    Token {
        kind: Identifier,
        lexeme: Symbol(
            "f",
        ),
        line: 61,
    },
    Token {
        kind: LeftBracket,
        lexeme: Symbol(
            "[",
        ),
        line: 61,
    },
    Token {
        kind: Number,
        lexeme: Number(
            Decimal(
                Decimal {
                    before_decimal: "3",
                    after_decimal: "",
                },
            ),
        ),
        line: 61,
    },
    Token {
        kind: RightBracket,
        lexeme: Symbol(
            "]",
        ),
        line: 61,
    },
    Token {
        kind: LeftParen,
        lexeme: Symbol(
            "(",
        ),
        line: 61,
    },
    Token {
        kind: RightParen,
        lexeme: Symbol(
            ")",
        ),
        line: 61,
    },
    Token {
        kind: DoubleEquals,
        lexeme: Symbol(
            "==",
        ),
        line: 61,
    },
    Token {
        kind: Number,
        lexeme: Number(
            Decimal(
                Decimal {
                    before_decimal: "4",
                    after_decimal: "",
                },
            ),
        ),
        line: 61,
    },
    Token {
        kind: And,
        lexeme: Symbol(
            "and",
        ),
        line: 61,
    },
    Token {
        kind: Identifier,
        lexeme: Symbol(
            "A",
        ),
        line: 61,
    },
    Token {
        kind: DoubleEquals,
        lexeme: Symbol(
            "==",
        ),
        line: 61,
    },
    Token {
        kind: Number,
        lexeme: Number(
            Decimal(
                Decimal {
                    before_decimal: "11",
                    after_decimal: "",
                },
            ),
        ),
        line: 61,
    },
    Token {
        kind: RightParen,
        lexeme: Symbol(
            ")",
        ),
        line: 61,
    },
    Token {
        kind: Local,
        lexeme: Symbol(
            "local",
        ),
        line: 62,
    },
    Token {
        kind: Identifier,
        lexeme: Symbol(
            "a",
        ),
        line: 62,
    },
    Token {
        kind: Comma,
        lexeme: Symbol(
            ",",
        ),
        line: 62,
    },
    Token {
        kind: Identifier,
        lexeme: Symbol(
            "b",
        ),
        line: 62,
    },
    Token {
        kind: Equals,
        lexeme: Symbol(
            "=",
        ),
        line: 62,
    },
    Token {
        kind: Identifier,
        lexeme: Symbol(
            "f",
        ),
        line: 62,
    },
    Token {
        kind: LeftBracket,
        lexeme: Symbol(
            "[",
        ),
        line: 62,
    },
    Token {
        kind: Number,
        lexeme: Number(
            Decimal(
                Decimal {
                    before_decimal: "8",
                    after_decimal: "",
                },
            ),
        ),
        line: 62,
    },
    Token {
        kind: RightBracket,
        lexeme: Symbol(
            "]",
        ),
        line: 62,
    },
    Token {
        kind: LeftParen,
        lexeme: Symbol(
            "(",
        ),
        line: 62,
    },
    Token {
        kind: Number,
        lexeme: Number(
            Decimal(
                Decimal {
                    before_decimal: "1",
                    after_decimal: "",
                },
            ),
        ),
        line: 62,
    },
    Token {
        kind: RightParen,
        lexeme: Symbol(
            ")",
        ),
        line: 62,
    },
    Token {
        kind: Identifier,
        lexeme: Symbol(
            "assert",
        ),
        line: 63,
    },
    Token {
        kind: LeftParen,
        lexeme: Symbol(
            "(",
        ),
        line: 63,
    },
    Token {
        kind: Identifier,
        lexeme: Symbol(
            "b",
        ),
        line: 63,
    },
    Token {
        kind: Dot,
        lexeme: Symbol(
            ".",
        ),
        line: 63,
    },
    Token {
        kind: Identifier,
        lexeme: Symbol(
            "A",
        ),
        line: 63,
    },
    Token {
        kind: DoubleEquals,
        lexeme: Symbol(
            "==",
        ),
        line: 63,
    },
    Token {
        kind: Number,
        lexeme: Number(
            Decimal(
                Decimal {
                    before_decimal: "9",
                    after_decimal: "",
                },
            ),
        ),
        line: 63,
    },
    Token {
        kind: RightParen,
        lexeme: Symbol(
            ")",
        ),
        line: 63,
    },
    Token {
        kind: Identifier,
        lexeme: Symbol(
            "a",
        ),
        line: 64,
    },
    Token {
        kind: Comma,
        lexeme: Symbol(
            ",",
        ),
        line: 64,
    },
    Token {
        kind: Identifier,
        lexeme: Symbol(
            "b",
        ),
        line: 64,
    },
    Token {
        kind: Equals,
        lexeme: Symbol(
            "=",
        ),
        line: 64,
    },
    Token {
        kind: Identifier,
        lexeme: Symbol(
            "f",
        ),
        line: 64,
    },
    Token {
        kind: LeftBracket,
        lexeme: Symbol(
            "[",
        ),
        line: 64,
    },
    Token {
        kind: Number,
        lexeme: Number(
            Decimal(
                Decimal {
                    before_decimal: "8",
                    after_decimal: "",
                },
            ),
        ),
        line: 64,
    },
    Token {
        kind: RightBracket,
        lexeme: Symbol(
            "]",
        ),
        line: 64,
    },
    Token {
        kind: LeftParen,
        lexeme: Symbol(
            "(",
        ),
        line: 64,
    },
    Token {
        kind: Number,
        lexeme: Number(
            Decimal(
                Decimal {
                    before_decimal: "0",
                    after_decimal: "",
                },
            ),
        ),
        line: 64,
    },
    Token {
        kind: RightParen,
        lexeme: Symbol(
            ")",
        ),
        line: 64,
    },
    Token {
        kind: Identifier,
        lexeme: Symbol(
            "assert",
        ),
        line: 65,
    },
    Token {
        kind: LeftParen,
        lexeme: Symbol(
            "(",
        ),
        line: 65,
    },
    Token {
        kind: Identifier,
        lexeme: Symbol(
            "b",
        ),
        line: 65,
    },
    Token {
        kind: Dot,
        lexeme: Symbol(
            ".",
        ),
        line: 65,
    },
    Token {
        kind: Identifier,
        lexeme: Symbol(
            "A",
        ),
        line: 65,
    },
    Token {
        kind: DoubleEquals,
        lexeme: Symbol(
            "==",
        ),
        line: 65,
    },
    Token {
        kind: Number,
        lexeme: Number(
            Decimal(
                Decimal {
                    before_decimal: "11",
                    after_decimal: "",
                },
            ),
        ),
        line: 65,
    },
    Token {
        kind: RightParen,
        lexeme: Symbol(
            ")",
        ),
        line: 65,
    },
    Token {
        kind: Local,
        lexeme: Symbol(
            "local",
        ),
        line: 66,
    },
    Token {
        kind: Identifier,
        lexeme: Symbol(
            "g",
        ),
        line: 66,
    },
    Token {
        kind: Local,
        lexeme: Symbol(
            "local",
        ),
        line: 67,
    },
    Token {
        kind: Function,
        lexeme: Symbol(
            "function",
        ),
        line: 67,
    },
    Token {
        kind: Identifier,
        lexeme: Symbol(
            "f",
        ),
        line: 67,
    },
    Token {
        kind: LeftParen,
        lexeme: Symbol(
            "(",
        ),
        line: 67,
    },
    Token {
        kind: RightParen,
        lexeme: Symbol(
            ")",
        ),
        line: 67,
    },
    Token {
        kind: Identifier,
        lexeme: Symbol(
            "assert",
        ),
        line: 67,
    },
    Token {
        kind: LeftParen,
        lexeme: Symbol(
            "(",
        ),
        line: 67,
    },
    Token {
        kind: Identifier,
        lexeme: Symbol(
            "setfenv",
        ),
        line: 67,
    },
    Token {
        kind: LeftParen,
        lexeme: Symbol(
            "(",
        ),
        line: 67,
    },
    Token {
        kind: Number,
        lexeme: Number(
            Decimal(
                Decimal {
                    before_decimal: "2",
                    after_decimal: "",
                },
            ),
        ),
        line: 67,
    },
    Token {
        kind: Comma,
        lexeme: Symbol(
            ",",
        ),
        line: 67,
    },
    Token {
        kind: LeftBrace,
        lexeme: Symbol(
            "{",
        ),
        line: 67,
    },
    Token {
        kind: Identifier,
        lexeme: Symbol(
            "a",
        ),
        line: 67,
    },
    Token {
        kind: Equals,
        lexeme: Symbol(
            "=",
        ),
        line: 67,
    },
    Token {
        kind: String,
        lexeme: Symbol(
            "'10'",
        ),
        line: 67,
    },
    Token {
        kind: RightBrace,
        lexeme: Symbol(
            "}",
        ),
        line: 67,
    },
    Token {
        kind: RightParen,
        lexeme: Symbol(
            ")",
        ),
        line: 67,
    },
    Token {
        kind: DoubleEquals,
        lexeme: Symbol(
            "==",
        ),
        line: 67,
    },
    Token {
        kind: Identifier,
        lexeme: Symbol(
            "g",
        ),
        line: 67,
    },
    Token {
        kind: RightParen,
        lexeme: Symbol(
            ")",
        ),
        line: 67,
    },
    Token {
        kind: End,
        lexeme: Symbol(
            "end",
        ),
        line: 67,
    },
    Token {
        kind: Identifier,
        lexeme: Symbol(
            "g",
        ),
        line: 68,
    },
    Token {
        kind: Equals,
        lexeme: Symbol(
            "=",
        ),
        line: 68,
    },
    Token {
        kind: Function,
        lexeme: Symbol(
            "function",
        ),
        line: 68,
    },
    Token {
        kind: LeftParen,
        lexeme: Symbol(
            "(",
        ),
        line: 68,
    },
    Token {
        kind: RightParen,
        lexeme: Symbol(
            ")",
        ),
        line: 68,
    },
    Token {
        kind: Identifier,
        lexeme: Symbol(
            "f",
        ),
        line: 68,
    },
    Token {
        kind: LeftParen,
        lexeme: Symbol(
            "(",
        ),
        line: 68,
    },
    Token {
        kind: RightParen,
        lexeme: Symbol(
            ")",
        ),
        line: 68,
    },
    Token {
        kind: Semicolon,
        lexeme: Symbol(
            ";",
        ),
        line: 68,
    },
    Token {
        kind: Identifier,
        lexeme: Symbol(
            "_G",
        ),
        line: 68,
    },
    Token {
        kind: Dot,
        lexeme: Symbol(
            ".",
        ),
        line: 68,
    },
    Token {
        kind: Identifier,
        lexeme: Symbol(
            "assert",
        ),
        line: 68,
    },
    Token {
        kind: LeftParen,
        lexeme: Symbol(
            "(",
        ),
        line: 68,
    },
    Token {
        kind: Identifier,
        lexeme: Symbol(
            "_G",
        ),
        line: 68,
    },
    Token {
        kind: Dot,
        lexeme: Symbol(
            ".",
        ),
        line: 68,
    },
    Token {
        kind: Identifier,
        lexeme: Symbol(
            "getfenv",
        ),
        line: 68,
    },
    Token {
        kind: LeftParen,
        lexeme: Symbol(
            "(",
        ),
        line: 68,
    },
    Token {
        kind: Number,
        lexeme: Number(
            Decimal(
                Decimal {
                    before_decimal: "1",
                    after_decimal: "",
                },
            ),
        ),
        line: 68,
    },
    Token {
        kind: RightParen,
        lexeme: Symbol(
            ")",
        ),
        line: 68,
    },
    Token {
        kind: Dot,
        lexeme: Symbol(
            ".",
        ),
        line: 68,
    },
    Token {
        kind: Identifier,
        lexeme: Symbol(
            "a",
        ),
        line: 68,
    },
    Token {
        kind: DoubleEquals,
        lexeme: Symbol(
            "==",
        ),
        line: 68,
    },
    Token {
        kind: String,
        lexeme: Symbol(
            "'10'",
        ),
        line: 68,
    },
    Token {
        kind: RightParen,
        lexeme: Symbol(
            ")",
        ),
        line: 68,
    },
    Token {
        kind: End,
        lexeme: Symbol(
            "end",
        ),
        line: 68,
    },
    Token {
        kind: Identifier,
        lexeme: Symbol(
            "g",
        ),
        line: 69,
    },
    Token {
        kind: LeftParen,
        lexeme: Symbol(
            "(",
        ),
        line: 69,
    },
    Token {
        kind: RightParen,
        lexeme: Symbol(
            ")",
        ),
        line: 69,
    },
    Token {
        kind: Semicolon,
        lexeme: Symbol(
            ";",
        ),
        line: 69,
    },
    Token {
        kind: Identifier,
        lexeme: Symbol(
            "assert",
        ),
        line: 69,
    },
    Token {
        kind: LeftParen,
        lexeme: Symbol(
            "(",
        ),
        line: 69,
    },
    Token {
        kind: Identifier,
        lexeme: Symbol(
            "getfenv",
        ),
        line: 69,
    },
    Token {
        kind: LeftParen,
        lexeme: Symbol(
            "(",
        ),
        line: 69,
    },
    Token {
        kind: Identifier,
        lexeme: Symbol(
            "g",
        ),
        line: 69,
    },
    Token {
        kind: RightParen,
        lexeme: Symbol(
            ")",
        ),
        line: 69,
    },
    Token {
        kind: Dot,
        lexeme: Symbol(
            ".",
        ),
        line: 69,
    },
    Token {
        kind: Identifier,
        lexeme: Symbol(
            "a",
        ),
        line: 69,
    },
    Token {
        kind: DoubleEquals,
        lexeme: Symbol(
            "==",
        ),
        line: 69,
    },
    Token {
        kind: String,
        lexeme: Symbol(
            "'10'",
        ),
        line: 69,
    },
    Token {
        kind: RightParen,
        lexeme: Symbol(
            ")",
        ),
        line: 69,
    },
    Token {
        kind: End,
        lexeme: Symbol(
            "end",
        ),
        line: 70,
    },
    Token {
        kind: Local,
        lexeme: Symbol(
            "local",
        ),
        line: 73,
    },
    Token {
        kind: Function,
        lexeme: Symbol(
            "function",
        ),
        line: 73,
    },
    Token {
        kind: Identifier,
        lexeme: Symbol(
            "foo",
        ),
        line: 73,
    },
    Token {
        kind: LeftParen,
        lexeme: Symbol(
            "(",
        ),
        line: 73,
    },
    Token {
        kind: Identifier,
        lexeme: Symbol(
            "s",
        ),
        line: 73,
    },
    Token {
        kind: RightParen,
        lexeme: Symbol(
            ")",
        ),
        line: 73,
    },
    Token {
        kind: Return,
        lexeme: Symbol(
            "return",
        ),
        line: 74,
    },
    Token {
        kind: Identifier,
        lexeme: Symbol(
            "loadstring",
        ),
        line: 74,
    },
    Token {
        kind: LeftParen,
        lexeme: Symbol(
            "(",
        ),
        line: 74,
    },
    Token {
        kind: Identifier,
        lexeme: Symbol(
            "s",
        ),
        line: 74,
    },
    Token {
        kind: RightParen,
        lexeme: Symbol(
            ")",
        ),
        line: 74,
    },
    Token {
        kind: End,
        lexeme: Symbol(
            "end",
        ),
        line: 75,
    },
    Token {
        kind: Identifier,
        lexeme: Symbol(
            "assert",
        ),
        line: 77,
    },
    Token {
        kind: LeftParen,
        lexeme: Symbol(
            "(",
        ),
        line: 77,
    },
    Token {
        kind: Identifier,
        lexeme: Symbol(
            "getfenv",
        ),
        line: 77,
    },
    Token {
        kind: LeftParen,
        lexeme: Symbol(
            "(",
        ),
        line: 77,
    },
    Token {
        kind: Identifier,
        lexeme: Symbol(
            "foo",
        ),
        line: 77,
    },
    Token {
        kind: LeftParen,
        lexeme: Symbol(
            "(",
        ),
        line: 77,
    },
    Token {
        kind: String,
        lexeme: Symbol(
            "\"\"",
        ),
        line: 77,
    },
    Token {
        kind: RightParen,
        lexeme: Symbol(
            ")",
        ),
        line: 77,
    },
    Token {
        kind: RightParen,
        lexeme: Symbol(
            ")",
        ),
        line: 77,
    },
    Token {
        kind: DoubleEquals,
        lexeme: Symbol(
            "==",
        ),
        line: 77,
    },
    Token {
        kind: Identifier,
        lexeme: Symbol(
            "_G",
        ),
        line: 77,
    },
    Token {
        kind: RightParen,
        lexeme: Symbol(
            ")",
        ),
        line: 77,
    },
    Token {
        kind: Local,
        lexeme: Symbol(
            "local",
        ),
        line: 78,
    },
    Token {
        kind: Identifier,
        lexeme: Symbol(
            "a",
        ),
        line: 78,
    },
    Token {
        kind: Equals,
        lexeme: Symbol(
            "=",
        ),
        line: 78,
    },
    Token {
        kind: LeftBrace,
        lexeme: Symbol(
            "{",
        ),
        line: 78,
    },
    Token {
        kind: Identifier,
        lexeme: Symbol(
            "loadstring",
        ),
        line: 78,
    },
    Token {
        kind: Equals,
        lexeme: Symbol(
            "=",
        ),
        line: 78,
    },
    Token {
        kind: Identifier,
        lexeme: Symbol(
            "loadstring",
        ),
        line: 78,
    },
    Token {
        kind: RightBrace,
        lexeme: Symbol(
            "}",
        ),
        line: 78,
    },
    Token {
        kind: Identifier,
        lexeme: Symbol(
            "setfenv",
        ),
        line: 79,
    },
    Token {
        kind: LeftParen,
        lexeme: Symbol(
            "(",
        ),
        line: 79,
    },
    Token {
        kind: Identifier,
        lexeme: Symbol(
            "foo",
        ),
        line: 79,
    },
    Token {
        kind: Comma,
        lexeme: Symbol(
            ",",
        ),
        line: 79,
    },
    Token {
        kind: Identifier,
        lexeme: Symbol(
            "a",
        ),
        line: 79,
    },
    Token {
        kind: RightParen,
        lexeme: Symbol(
            ")",
        ),
        line: 79,
    },
    Token {
        kind: Identifier,
        lexeme: Symbol(
            "assert",
        ),
        line: 80,
    },
    Token {
        kind: LeftParen,
        lexeme: Symbol(
            "(",
        ),
        line: 80,
    },
    Token {
        kind: Identifier,
        lexeme: Symbol(
            "getfenv",
        ),
        line: 80,
    },
    Token {
        kind: LeftParen,
        lexeme: Symbol(
            "(",
        ),
        line: 80,
    },
    Token {
        kind: Identifier,
        lexeme: Symbol(
            "foo",
        ),
        line: 80,
    },
    Token {
        kind: LeftParen,
        lexeme: Symbol(
            "(",
        ),
        line: 80,
    },
    Token {
        kind: String,
        lexeme: Symbol(
            "\"\"",
        ),
        line: 80,
    },
    Token {
        kind: RightParen,
        lexeme: Symbol(
            ")",
        ),
        line: 80,
    },
    Token {
        kind: RightParen,
        lexeme: Symbol(
            ")",
        ),
        line: 80,
    },
    Token {
        kind: DoubleEquals,
        lexeme: Symbol(
            "==",
        ),
        line: 80,
    },
    Token {
        kind: Identifier,
        lexeme: Symbol(
            "_G",
        ),
        line: 80,
    },
    Token {
        kind: RightParen,
        lexeme: Symbol(
            ")",
        ),
        line: 80,
    },
    Token {
        kind: Identifier,
        lexeme: Symbol(
            "setfenv",
        ),
        line: 81,
    },
    Token {
        kind: LeftParen,
        lexeme: Symbol(
            "(",
        ),
        line: 81,
    },
    Token {
        kind: Number,
        lexeme: Number(
            Decimal(
                Decimal {
                    before_decimal: "0",
                    after_decimal: "",
                },
            ),
        ),
        line: 81,
    },
    Token {
        kind: Comma,
        lexeme: Symbol(
            ",",
        ),
        line: 81,
    },
    Token {
        kind: Identifier,
        lexeme: Symbol(
            "a",
        ),
        line: 81,
    },
    Token {
        kind: RightParen,
        lexeme: Symbol(
            ")",
        ),
        line: 81,
    },
    Token {
        kind: Identifier,
        lexeme: Symbol(
            "assert",
        ),
        line: 82,
    },
    Token {
        kind: LeftParen,
        lexeme: Symbol(
            "(",
        ),
        line: 82,
    },
    Token {
        kind: Identifier,
        lexeme: Symbol(
            "getfenv",
        ),
        line: 82,
    },
    Token {
        kind: LeftParen,
        lexeme: Symbol(
            "(",
        ),
        line: 82,
    },
    Token {
        kind: Identifier,
        lexeme: Symbol(
            "foo",
        ),
        line: 82,
    },
    Token {
        kind: LeftParen,
        lexeme: Symbol(
            "(",
        ),
        line: 82,
    },
    Token {
        kind: String,
        lexeme: Symbol(
            "\"\"",
        ),
        line: 82,
    },
    Token {
        kind: RightParen,
        lexeme: Symbol(
            ")",
        ),
        line: 82,
    },
    Token {
        kind: RightParen,
        lexeme: Symbol(
            ")",
        ),
        line: 82,
    },
    Token {
        kind: DoubleEquals,
        lexeme: Symbol(
            "==",
        ),
        line: 82,
    },
    Token {
        kind: Identifier,
        lexeme: Symbol(
            "a",
        ),
        line: 82,
    },
    Token {
        kind: RightParen,
        lexeme: Symbol(
            ")",
        ),
        line: 82,
    },
    Token {
        kind: Identifier,
        lexeme: Symbol(
            "setfenv",
        ),
        line: 83,
    },
    Token {
        kind: LeftParen,
        lexeme: Symbol(
            "(",
        ),
        line: 83,
    },
    Token {
        kind: Number,
        lexeme: Number(
            Decimal(
                Decimal {
                    before_decimal: "0",
                    after_decimal: "",
                },
            ),
        ),
        line: 83,
    },
    Token {
        kind: Comma,
        lexeme: Symbol(
            ",",
        ),
        line: 83,
    },
    Token {
        kind: Identifier,
        lexeme: Symbol(
            "_G",
        ),
        line: 83,
    },
    Token {
        kind: RightParen,
        lexeme: Symbol(
            ")",
        ),
        line: 83,
    },
    Token {
        kind: Local,
        lexeme: Symbol(
            "local",
        ),
        line: 88,
    },
    Token {
        kind: Identifier,
        lexeme: Symbol(
            "a",
        ),
        line: 88,
    },
    Token {
        kind: Local,
        lexeme: Symbol(
            "local",
        ),
        line: 89,
    },
    Token {
        kind: Identifier,
        lexeme: Symbol(
            "p",
        ),
        line: 89,
    },
    Token {
        kind: Equals,
        lexeme: Symbol(
            "=",
        ),
        line: 89,
    },
    Token {
        kind: Number,
        lexeme: Number(
            Decimal(
                Decimal {
                    before_decimal: "4",
                    after_decimal: "",
                },
            ),
        ),
        line: 89,
    },
    Token {
        kind: For,
        lexeme: Symbol(
            "for",
        ),
        line: 90,
    },
    Token {
        kind: Identifier,
        lexeme: Symbol(
            "i",
        ),
        line: 90,
    },
    Token {
        kind: Equals,
        lexeme: Symbol(
            "=",
        ),
        line: 90,
    },
    Token {
        kind: Number,
        lexeme: Number(
            Decimal(
                Decimal {
                    before_decimal: "2",
                    after_decimal: "",
                },
            ),
        ),
        line: 90,
    },
    Token {
        kind: Comma,
        lexeme: Symbol(
            ",",
        ),
        line: 90,
    },
    Token {
        kind: Number,
        lexeme: Number(
            Decimal(
                Decimal {
                    before_decimal: "31",
                    after_decimal: "",
                },
            ),
        ),
        line: 90,
    },
    Token {
        kind: Do,
        lexeme: Symbol(
            "do",
        ),
        line: 90,
    },
    Token {
        kind: For,
        lexeme: Symbol(
            "for",
        ),
        line: 91,
    },
    Token {
        kind: Identifier,
        lexeme: Symbol(
            "j",
        ),
        line: 91,
    },
    Token {
        kind: Equals,
        lexeme: Symbol(
            "=",
        ),
        line: 91,
    },
    Token {
        kind: Minus,
        lexeme: Symbol(
            "-",
        ),
        line: 91,
    },
    Token {
        kind: Number,
        lexeme: Number(
            Decimal(
                Decimal {
                    before_decimal: "3",
                    after_decimal: "",
                },
            ),
        ),
        line: 91,
    },
    Token {
        kind: Comma,
        lexeme: Symbol(
            ",",
        ),
        line: 91,
    },
    Token {
        kind: Number,
        lexeme: Number(
            Decimal(
                Decimal {
                    before_decimal: "3",
                    after_decimal: "",
                },
            ),
        ),
        line: 91,
    },
    Token {
        kind: Do,
        lexeme: Symbol(
            "do",
        ),
        line: 91,
    },
    Token {
        kind: Identifier,
        lexeme: Symbol(
            "assert",
        ),
        line: 92,
    },
    Token {
        kind: LeftParen,
        lexeme: Symbol(
            "(",
        ),
        line: 92,
    },
    Token {
        kind: Identifier,
        lexeme: Symbol(
            "loadstring",
        ),
        line: 92,
    },
    Token {
        kind: LeftParen,
        lexeme: Symbol(
            "(",
        ),
        line: 92,
    },
    Token {
        kind: Identifier,
        lexeme: Symbol(
            "string",
        ),
        line: 92,
    },
    Token {
        kind: Dot,
        lexeme: Symbol(
            ".",
        ),
        line: 92,
    },
    Token {
        kind: Identifier,
        lexeme: Symbol(
            "format",
        ),
        line: 92,
    },
    Token {
        kind: LeftParen,
        lexeme: Symbol(
            "(",
        ),
        line: 92,
    },
    Token {
        kind: MultilineString,
        lexeme: Symbol(
            "[[local a=%s;a=a+\n                                            %s;\n                                      assert(a\n                                      ==2^%s)]]",
        ),
        line: 95,
    },
    Token {
        kind: Comma,
        lexeme: Symbol(
            ",",
        ),
        line: 95,
    },
    Token {
        kind: Identifier,
        lexeme: Symbol(
            "j",
        ),
        line: 95,
    },
    Token {
        kind: Comma,
        lexeme: Symbol(
            ",",
        ),
        line: 95,
    },
    Token {
        kind: Identifier,
        lexeme: Symbol(
            "p",
        ),
        line: 95,
    },
    Token {
        kind: Minus,
        lexeme: Symbol(
            "-",
        ),
        line: 95,
    },
    Token {
        kind: Identifier,
        lexeme: Symbol(
            "j",
        ),
        line: 95,
    },
    Token {
        kind: Comma,
        lexeme: Symbol(
            ",",
        ),
        line: 95,
    },
    Token {
        kind: Identifier,
        lexeme: Symbol(
            "i",
        ),
        line: 95,
    },
    Token {
        kind: RightParen,
        lexeme: Symbol(
            ")",
        ),
        line: 95,
    },
    Token {
        kind: RightParen,
        lexeme: Symbol(
            ")",
        ),
        line: 95,
    },
    Token {
        kind: RightParen,
        lexeme: Symbol(
            ")",
        ),
        line: 95,
    },
    Token {
        kind: LeftParen,
        lexeme: Symbol(
            "(",
        ),
        line: 95,
    },
    Token {
        kind: RightParen,
        lexeme: Symbol(
            ")",
        ),
        line: 95,
    },
    Token {
        kind: Identifier,
        lexeme: Symbol(
            "assert",
        ),
        line: 96,
    },
    Token {
        kind: LeftParen,
        lexeme: Symbol(
            "(",
        ),
        line: 96,
    },
    Token {
        kind: Identifier,
        lexeme: Symbol(
            "loadstring",
        ),
        line: 96,
    },
    Token {
        kind: LeftParen,
        lexeme: Symbol(
            "(",
        ),
        line: 96,
    },
    Token {
        kind: Identifier,
        lexeme: Symbol(
            "string",
        ),
        line: 96,
    },
    Token {
        kind: Dot,
        lexeme: Symbol(
            ".",
        ),
        line: 96,
    },
    Token {
        kind: Identifier,
        lexeme: Symbol(
            "format",
        ),
        line: 96,
    },
    Token {
        kind: LeftParen,
        lexeme: Symbol(
            "(",
        ),
        line: 96,
    },
    Token {
        kind: MultilineString,
        lexeme: Symbol(
            "[[local a=%s;\n                                      a=a-%s;\n                                      assert(a==-2^%s)]]",
        ),
        line: 98,
    },
    Token {
        kind: Comma,
        lexeme: Symbol(
            ",",
        ),
        line: 98,
    },
    Token {
        kind: Minus,
        lexeme: Symbol(
            "-",
        ),
        line: 98,
    },
    Token {
        kind: Identifier,
        lexeme: Symbol(
            "j",
        ),
        line: 98,
    },
    Token {
        kind: Comma,
        lexeme: Symbol(
            ",",
        ),
        line: 98,
    },
    Token {
        kind: Identifier,
        lexeme: Symbol(
            "p",
        ),
        line: 98,
    },
    Token {
        kind: Minus,
        lexeme: Symbol(
            "-",
        ),
        line: 98,
    },
    Token {
        kind: Identifier,
        lexeme: Symbol(
            "j",
        ),
        line: 98,
    },
    Token {
        kind: Comma,
        lexeme: Symbol(
            ",",
        ),
        line: 98,
    },
    Token {
        kind: Identifier,
        lexeme: Symbol(
            "i",
        ),
        line: 98,
    },
    Token {
        kind: RightParen,
        lexeme: Symbol(
            ")",
        ),
        line: 98,
    },
    Token {
        kind: RightParen,
        lexeme: Symbol(
            ")",
        ),
        line: 98,
    },
    Token {
        kind: RightParen,
        lexeme: Symbol(
            ")",
        ),
        line: 98,
    },
    Token {
        kind: LeftParen,
        lexeme: Symbol(
            "(",
        ),
        line: 98,
    },
    Token {
        kind: RightParen,
        lexeme: Symbol(
            ")",
        ),
        line: 98,
    },
    Token {
        kind: Identifier,
        lexeme: Symbol(
            "assert",
        ),
        line: 99,
    },
    Token {
        kind: LeftParen,
        lexeme: Symbol(
            "(",
        ),
        line: 99,
    },
    Token {
        kind: Identifier,
        lexeme: Symbol(
            "loadstring",
        ),
        line: 99,
    },
    Token {
        kind: LeftParen,
        lexeme: Symbol(
            "(",
        ),
        line: 99,
    },
    Token {
        kind: Identifier,
        lexeme: Symbol(
            "string",
        ),
        line: 99,
    },
    Token {
        kind: Dot,
        lexeme: Symbol(
            ".",
        ),
        line: 99,
    },
    Token {
        kind: Identifier,
        lexeme: Symbol(
            "format",
        ),
        line: 99,
    },
    Token {
        kind: LeftParen,
        lexeme: Symbol(
            "(",
        ),
        line: 99,
    },
    Token {
        kind: MultilineString,
        lexeme: Symbol(
            "[[local a,b=0,%s;\n                                      a=b-%s;\n                                      assert(a==-2^%s)]]",
        ),
        line: 101,
    },
    Token {
        kind: Comma,
        lexeme: Symbol(
            ",",
        ),
        line: 101,
    },
    Token {
        kind: Minus,
        lexeme: Symbol(
            "-",
        ),
        line: 101,
    },
    Token {
        kind: Identifier,
        lexeme: Symbol(
            "j",
        ),
        line: 101,
    },
    Token {
        kind: Comma,
        lexeme: Symbol(
            ",",
        ),
        line: 101,
    },
    Token {
        kind: Identifier,
        lexeme: Symbol(
            "p",
        ),
        line: 101,
    },
    Token {
        kind: Minus,
        lexeme: Symbol(
            "-",
        ),
        line: 101,
    },
    Token {
        kind: Identifier,
        lexeme: Symbol(
            "j",
        ),
        line: 101,
    },
    Token {
        kind: Comma,
        lexeme: Symbol(
            ",",
        ),
        line: 101,
    },
    Token {
        kind: Identifier,
        lexeme: Symbol(
            "i",
        ),
        line: 101,
    },
    Token {
        kind: RightParen,
        lexeme: Symbol(
            ")",
        ),
        line: 101,
    },
    Token {
        kind: RightParen,
        lexeme: Symbol(
            ")",
        ),
        line: 101,
    },
    Token {
        kind: RightParen,
        lexeme: Symbol(
            ")",
        ),
        line: 101,
    },
    Token {
        kind: LeftParen,
        lexeme: Symbol(
            "(",
        ),
        line: 101,
    },
    Token {
        kind: RightParen,
        lexeme: Symbol(
            ")",
        ),
        line: 101,
    },
    Token {
        kind: End,
        lexeme: Symbol(
            "end",
        ),
        line: 102,
    },
    Token {
        kind: Identifier,
        lexeme: Symbol(
            "p",
        ),
        line: 103,
    },
    Token {
        kind: Equals,
        lexeme: Symbol(
            "=",
        ),
        line: 103,
    },
    Token {
        kind: Number,
        lexeme: Number(
            Decimal(
                Decimal {
                    before_decimal: "2",
                    after_decimal: "",
                },
            ),
        ),
        line: 103,
    },
    Token {
        kind: Star,
        lexeme: Symbol(
            "*",
        ),
        line: 103,
    },
    Token {
        kind: Identifier,
        lexeme: Symbol(
            "p",
        ),
        line: 103,
    },
    Token {
        kind: End,
        lexeme: Symbol(
            "end",
        ),
        line: 104,
    },
    Token {
        kind: Identifier,
        lexeme: Symbol(
            "print",
        ),
        line: 106,
    },
    Token {
        kind: String,
        lexeme: Symbol(
            "'+'",
        ),
        line: 106,
    },
    Token {
        kind: If,
        lexeme: Symbol(
            "if",
        ),
        line: 109,
    },
    Token {
        kind: Identifier,
        lexeme: Symbol(
            "rawget",
        ),
        line: 109,
    },
    Token {
        kind: LeftParen,
        lexeme: Symbol(
            "(",
        ),
        line: 109,
    },
    Token {
        kind: Identifier,
        lexeme: Symbol(
            "_G",
        ),
        line: 109,
    },
    Token {
        kind: Comma,
        lexeme: Symbol(
            ",",
        ),
        line: 109,
    },
    Token {
        kind: String,
        lexeme: Symbol(
            "\"querytab\"",
        ),
        line: 109,
    },
    Token {
        kind: RightParen,
        lexeme: Symbol(
            ")",
        ),
        line: 109,
    },
    Token {
        kind: Then,
        lexeme: Symbol(
            "then",
        ),
        line: 109,
    },
    Token {
        kind: Identifier,
        lexeme: Symbol(
            "collectgarbage",
        ),
        line: 111,
    },
    Token {
        kind: LeftParen,
        lexeme: Symbol(
            "(",
        ),
        line: 111,
    },
    Token {
        kind: String,
        lexeme: Symbol(
            "\"stop\"",
        ),
        line: 111,
    },
    Token {
        kind: RightParen,
        lexeme: Symbol(
            ")",
        ),
        line: 111,
    },
    Token {
        kind: Local,
        lexeme: Symbol(
            "local",
        ),
        line: 112,
    },
    Token {
        kind: Identifier,
        lexeme: Symbol(
            "a",
        ),
        line: 112,
    },
    Token {
        kind: Equals,
        lexeme: Symbol(
            "=",
        ),
        line: 112,
    },
    Token {
        kind: LeftBrace,
        lexeme: Symbol(
            "{",
        ),
        line: 112,
    },
    Token {
        kind: LeftBracket,
        lexeme: Symbol(
            "[",
        ),
        line: 112,
    },
    Token {
        kind: LeftBrace,
        lexeme: Symbol(
            "{",
        ),
        line: 112,
    },
    Token {
        kind: RightBrace,
        lexeme: Symbol(
            "}",
        ),
        line: 112,
    },
    Token {
        kind: RightBracket,
        lexeme: Symbol(
            "]",
        ),
        line: 112,
    },
    Token {
        kind: Equals,
        lexeme: Symbol(
            "=",
        ),
        line: 112,
    },
    Token {
        kind: Number,
        lexeme: Number(
            Decimal(
                Decimal {
                    before_decimal: "4",
                    after_decimal: "",
                },
            ),
        ),
        line: 112,
    },
    Token {
        kind: Comma,
        lexeme: Symbol(
            ",",
        ),
        line: 112,
    },
    Token {
        kind: LeftBracket,
        lexeme: Symbol(
            "[",
        ),
        line: 112,
    },
    Token {
        kind: Number,
        lexeme: Number(
            Decimal(
                Decimal {
                    before_decimal: "3",
                    after_decimal: "",
                },
            ),
        ),
        line: 112,
    },
    Token {
        kind: RightBracket,
        lexeme: Symbol(
            "]",
        ),
        line: 112,
    },
    Token {
        kind: Equals,
        lexeme: Symbol(
            "=",
        ),
        line: 112,
    },
    Token {
        kind: Number,
        lexeme: Number(
            Decimal(
                Decimal {
                    before_decimal: "0",
                    after_decimal: "",
                },
            ),
        ),
        line: 112,
    },
    Token {
        kind: Comma,
        lexeme: Symbol(
            ",",
        ),
        line: 112,
    },
    Token {
        kind: Identifier,
        lexeme: Symbol(
            "alo",
        ),
        line: 112,
    },
    Token {
        kind: Equals,
        lexeme: Symbol(
            "=",
        ),
        line: 112,
    },
    Token {
        kind: Number,
        lexeme: Number(
            Decimal(
                Decimal {
                    before_decimal: "1",
                    after_decimal: "",
                },
            ),
        ),
        line: 112,
    },
    Token {
        kind: Comma,
        lexeme: Symbol(
            ",",
        ),
        line: 112,
    },
    Token {
        kind: Identifier,
        lexeme: Symbol(
            "a1234567890123456789012345678901234567890",
        ),
        line: 113,
    },
    Token {
        kind: Equals,
        lexeme: Symbol(
            "=",
        ),
        line: 113,
    },
    Token {
        kind: Number,
        lexeme: Number(
            Decimal(
                Decimal {
                    before_decimal: "10",
                    after_decimal: "",
                },
            ),
        ),
        line: 113,
    },
    Token {
        kind: RightBrace,
        lexeme: Symbol(
            "}",
        ),
        line: 113,
    },
    Token {
        kind: Local,
        lexeme: Symbol(
            "local",
        ),
        line: 115,
    },
    Token {
        kind: Identifier,
        lexeme: Symbol(
            "t",
        ),
        line: 115,
    },
    Token {
        kind: Equals,
        lexeme: Symbol(
            "=",
        ),
        line: 115,
    },
    Token {
        kind: Identifier,
        lexeme: Symbol(
            "querytab",
        ),
        line: 115,
    },
    Token {
        kind: LeftParen,
        lexeme: Symbol(
            "(",
        ),
        line: 115,
    },
    Token {
        kind: Identifier,
        lexeme: Symbol(
            "a",
        ),
        line: 115,
    },
    Token {
        kind: RightParen,
        lexeme: Symbol(
            ")",
        ),
        line: 115,
    },
    Token {
        kind: For,
        lexeme: Symbol(
            "for",
        ),
        line: 117,
    },
    Token {
        kind: Identifier,
        lexeme: Symbol(
            "k",
        ),
        line: 117,
    },
    Token {
        kind: Comma,
        lexeme: Symbol(
            ",",
        ),
        line: 117,
    },
    Token {
        kind: Identifier,
        lexeme: Symbol(
            "_",
        ),
        line: 117,
    },
    Token {
        kind: In,
        lexeme: Symbol(
            "in",
        ),
        line: 117,
    },
    Token {
        kind: Identifier,
        lexeme: Symbol(
            "pairs",
        ),
        line: 117,
    },
    Token {
        kind: LeftParen,
        lexeme: Symbol(
            "(",
        ),
        line: 117,
    },
    Token {
        kind: Identifier,
        lexeme: Symbol(
            "a",
        ),
        line: 117,
    },
    Token {
        kind: RightParen,
        lexeme: Symbol(
            ")",
        ),
        line: 117,
    },
    Token {
        kind: Do,
        lexeme: Symbol(
            "do",
        ),
        line: 117,
    },
    Token {
        kind: Identifier,
        lexeme: Symbol(
            "a",
        ),
        line: 117,
    },
    Token {
        kind: LeftBracket,
        lexeme: Symbol(
            "[",
        ),
        line: 117,
    },
    Token {
        kind: Identifier,
        lexeme: Symbol(
            "k",
        ),
        line: 117,
    },
    Token {
        kind: RightBracket,
        lexeme: Symbol(
            "]",
        ),
        line: 117,
    },
    Token {
        kind: Equals,
        lexeme: Symbol(
            "=",
        ),
        line: 117,
    },
    Token {
        kind: Nil,
        lexeme: Symbol(
            "nil",
        ),
        line: 117,
    },
    Token {
        kind: End,
        lexeme: Symbol(
            "end",
        ),
        line: 117,
    },
    Token {
        kind: Identifier,
        lexeme: Symbol(
            "collectgarbage",
        ),
        line: 118,
    },
    Token {
        kind: LeftParen,
        lexeme: Symbol(
            "(",
        ),
        line: 118,
    },
    Token {
        kind: RightParen,
        lexeme: Symbol(
            ")",
        ),
        line: 118,
    },
    Token {
        kind: For,
        lexeme: Symbol(
            "for",
        ),
        line: 119,
    },
    Token {
        kind: Identifier,
        lexeme: Symbol(
            "i",
        ),
        line: 119,
    },
    Token {
        kind: Equals,
        lexeme: Symbol(
            "=",
        ),
        line: 119,
    },
    Token {
        kind: Number,
        lexeme: Number(
            Decimal(
                Decimal {
                    before_decimal: "0",
                    after_decimal: "",
                },
            ),
        ),
        line: 119,
    },
    Token {
        kind: Comma,
        lexeme: Symbol(
            ",",
        ),
        line: 119,
    },
    Token {
        kind: Identifier,
        lexeme: Symbol(
            "t",
        ),
        line: 119,
    },
    Token {
        kind: Minus,
        lexeme: Symbol(
            "-",
        ),
        line: 119,
    },
    Token {
        kind: Number,
        lexeme: Number(
            Decimal(
                Decimal {
                    before_decimal: "1",
                    after_decimal: "",
                },
            ),
        ),
        line: 119,
    },
    Token {
        kind: Do,
        lexeme: Symbol(
            "do",
        ),
        line: 119,
    },
    Token {
        kind: Local,
        lexeme: Symbol(
            "local",
        ),
        line: 120,
    },
    Token {
        kind: Identifier,
        lexeme: Symbol(
            "k",
        ),
        line: 120,
    },
    Token {
        kind: Equals,
        lexeme: Symbol(
            "=",
        ),
        line: 120,
    },
    Token {
        kind: Identifier,
        lexeme: Symbol(
            "querytab",
        ),
        line: 120,
    },
    Token {
        kind: LeftParen,
        lexeme: Symbol(
            "(",
        ),
        line: 120,
    },
    Token {
        kind: Identifier,
        lexeme: Symbol(
            "a",
        ),
        line: 120,
    },
    Token {
        kind: Comma,
        lexeme: Symbol(
            ",",
        ),
        line: 120,
    },
    Token {
        kind: Identifier,
        lexeme: Symbol(
            "i",
        ),
        line: 120,
    },
    Token {
        kind: RightParen,
        lexeme: Symbol(
            ")",
        ),
        line: 120,
    },
    Token {
        kind: Identifier,
        lexeme: Symbol(
            "assert",
        ),
        line: 121,
    },
    Token {
        kind: LeftParen,
        lexeme: Symbol(
            "(",
        ),
        line: 121,
    },
    Token {
        kind: Identifier,
        lexeme: Symbol(
            "k",
        ),
        line: 121,
    },
    Token {
        kind: DoubleEquals,
        lexeme: Symbol(
            "==",
        ),
        line: 121,
    },
    Token {
        kind: Nil,
        lexeme: Symbol(
            "nil",
        ),
        line: 121,
    },
    Token {
        kind: Or,
        lexeme: Symbol(
            "or",
        ),
        line: 121,
    },
    Token {
        kind: Identifier,
        lexeme: Symbol(
            "type",
        ),
        line: 121,
    },
    Token {
        kind: LeftParen,
        lexeme: Symbol(
            "(",
        ),
        line: 121,
    },
    Token {
        kind: Identifier,
        lexeme: Symbol(
            "k",
        ),
        line: 121,
    },
    Token {
        kind: RightParen,
        lexeme: Symbol(
            ")",
        ),
        line: 121,
    },
    Token {
        kind: DoubleEquals,
        lexeme: Symbol(
            "==",
        ),
        line: 121,
    },
    Token {
        kind: String,
        lexeme: Symbol(
            "'number'",
        ),
        line: 121,
    },
    Token {
        kind: Or,
        lexeme: Symbol(
            "or",
        ),
        line: 121,
    },
    Token {
        kind: Identifier,
        lexeme: Symbol(
            "k",
        ),
        line: 121,
    },
    Token {
        kind: DoubleEquals,
        lexeme: Symbol(
            "==",
        ),
        line: 121,
    },
    Token {
        kind: String,
        lexeme: Symbol(
            "'alo'",
        ),
        line: 121,
    },
    Token {
        kind: RightParen,
        lexeme: Symbol(
            ")",
        ),
        line: 121,
    },
    Token {
        kind: End,
        lexeme: Symbol(
            "end",
        ),
        line: 122,
    },
    Token {
        kind: End,
        lexeme: Symbol(
            "end",
        ),
        line: 123,
    },
    Token {
        kind: Identifier,
        lexeme: Symbol(
            "print",
        ),
        line: 125,
    },
    Token {
        kind: LeftParen,
        lexeme: Symbol(
            "(",
        ),
        line: 125,
    },
    Token {
        kind: String,
        lexeme: Symbol(
            "'OK'",
        ),
        line: 125,
    },
    Token {
        kind: RightParen,
        lexeme: Symbol(
            ")",
        ),
        line: 125,
    },
    Token {
        kind: Return,
        lexeme: Symbol(
            "return",
        ),
        line: 127,
    },
    Token {
        kind: Number,
        lexeme: Number(
            Decimal(
                Decimal {
                    before_decimal: "5",
                    after_decimal: "",
                },
            ),
        ),
        line: 127,
    },
    Token {
        kind: Comma,
        lexeme: Symbol(
            ",",
        ),
        line: 127,
    },
    Token {
        kind: Identifier,
        lexeme: Symbol(
            "f",
        ),
        line: 127,
    },
]
