---
source: src/main.rs
expression: parsed
input_file: test-data/lua5.4-tests/bwcoercion.lua
---
[
    Variable {
        names: [
            (
                "tonumber",
                false,
            ),
            (
                "tointeger",
                false,
            ),
        ],
        values: [
            [
                Ident(
                    [
                        Symbol(
                            "tonumber",
                        ),
                    ],
                ),
            ],
            [
                Ident(
                    [
                        Symbol(
                            "math",
                        ),
                        Symbol(
                            ".",
                        ),
                        Symbol(
                            "tointeger",
                        ),
                    ],
                ),
            ],
        ],
    },
    Variable {
        names: [
            (
                "type",
                false,
            ),
            (
                "getmetatable",
                false,
            ),
            (
                "rawget",
                false,
            ),
            (
                "error",
                false,
            ),
        ],
        values: [
            [
                Ident(
                    [
                        Symbol(
                            "type",
                        ),
                    ],
                ),
            ],
            [
                Ident(
                    [
                        Symbol(
                            "getmetatable",
                        ),
                    ],
                ),
            ],
            [
                Ident(
                    [
                        Symbol(
                            "rawget",
                        ),
                    ],
                ),
            ],
            [
                Ident(
                    [
                        Symbol(
                            "error",
                        ),
                    ],
                ),
            ],
        ],
    },
    Variable {
        names: [
            (
                "strsub",
                false,
            ),
        ],
        values: [
            [
                Ident(
                    [
                        Symbol(
                            "string",
                        ),
                        Symbol(
                            ".",
                        ),
                        Symbol(
                            "sub",
                        ),
                    ],
                ),
            ],
        ],
    },
    Variable {
        names: [
            (
                "print",
                false,
            ),
        ],
        values: [
            [
                Ident(
                    [
                        Symbol(
                            "print",
                        ),
                    ],
                ),
            ],
        ],
    },
    Alter {
        names: [
            Ident(
                [
                    Symbol(
                        "_ENV",
                    ),
                ],
            ),
        ],
        values: [
            [
                Symbol(
                    "nil",
                ),
            ],
        ],
    },
    Function {
        local: true,
        name: [
            Symbol(
                "toint",
            ),
        ],
        args: [
            "x",
        ],
        body: CodeBlock {
            start: 45,
            code: [
                Alter {
                    names: [
                        Ident(
                            [
                                Symbol(
                                    "x",
                                ),
                            ],
                        ),
                    ],
                    values: [
                        [
                            Ident(
                                [
                                    Symbol(
                                        "tonumber",
                                    ),
                                    Call(
                                        [
                                            [
                                                Ident(
                                                    [
                                                        Symbol(
                                                            "x",
                                                        ),
                                                    ],
                                                ),
                                            ],
                                        ],
                                    ),
                                ],
                            ),
                        ],
                    ],
                },
                IfStatement {
                    condition: [
                        Operator(
                            (
                                "not",
                                false,
                            ),
                        ),
                        Ident(
                            [
                                Symbol(
                                    "x",
                                ),
                            ],
                        ),
                    ],
                    body: CodeBlock {
                        start: 10,
                        code: [
                            Return(
                                Some(
                                    [
                                        [
                                            Symbol(
                                                "false",
                                            ),
                                        ],
                                    ],
                                ),
                            ),
                        ],
                        end: 13,
                    },
                    next: None,
                },
                Return(
                    Some(
                        [
                            [
                                Ident(
                                    [
                                        Symbol(
                                            "tointeger",
                                        ),
                                        Call(
                                            [
                                                [
                                                    Ident(
                                                        [
                                                            Symbol(
                                                                "x",
                                                            ),
                                                        ],
                                                    ),
                                                ],
                                            ],
                                        ),
                                    ],
                                ),
                            ],
                        ],
                    ),
                ),
            ],
            end: 64,
        },
    },
    Function {
        local: true,
        name: [
            Symbol(
                "trymt",
            ),
        ],
        args: [
            "x",
            "y",
            "mtname",
        ],
        body: CodeBlock {
            start: 74,
            code: [
                IfStatement {
                    condition: [
                        Ident(
                            [
                                Symbol(
                                    "type",
                                ),
                                Call(
                                    [
                                        [
                                            Ident(
                                                [
                                                    Symbol(
                                                        "y",
                                                    ),
                                                ],
                                            ),
                                        ],
                                    ],
                                ),
                            ],
                        ),
                        Operator(
                            (
                                "~=",
                                true,
                            ),
                        ),
                        Symbol(
                            "\"string\"",
                        ),
                    ],
                    body: CodeBlock {
                        start: 8,
                        code: [
                            Variable {
                                names: [
                                    (
                                        "mt",
                                        false,
                                    ),
                                ],
                                values: [
                                    [
                                        Ident(
                                            [
                                                Symbol(
                                                    "getmetatable",
                                                ),
                                                Call(
                                                    [
                                                        [
                                                            Ident(
                                                                [
                                                                    Symbol(
                                                                        "y",
                                                                    ),
                                                                ],
                                                            ),
                                                        ],
                                                    ],
                                                ),
                                            ],
                                        ),
                                    ],
                                ],
                            },
                            Variable {
                                names: [
                                    (
                                        "mm",
                                        false,
                                    ),
                                ],
                                values: [
                                    [
                                        Ident(
                                            [
                                                Symbol(
                                                    "mt",
                                                ),
                                            ],
                                        ),
                                        Operator(
                                            (
                                                "and",
                                                true,
                                            ),
                                        ),
                                        Ident(
                                            [
                                                Symbol(
                                                    "rawget",
                                                ),
                                                Call(
                                                    [
                                                        [
                                                            Ident(
                                                                [
                                                                    Symbol(
                                                                        "mt",
                                                                    ),
                                                                ],
                                                            ),
                                                        ],
                                                        [
                                                            Ident(
                                                                [
                                                                    Symbol(
                                                                        "mtname",
                                                                    ),
                                                                ],
                                                            ),
                                                        ],
                                                    ],
                                                ),
                                            ],
                                        ),
                                    ],
                                ],
                            },
                            IfStatement {
                                condition: [
                                    Ident(
                                        [
                                            Symbol(
                                                "mm",
                                            ),
                                        ],
                                    ),
                                ],
                                body: CodeBlock {
                                    start: 21,
                                    code: [
                                        Return(
                                            Some(
                                                [
                                                    [
                                                        Ident(
                                                            [
                                                                Symbol(
                                                                    "mm",
                                                                ),
                                                                Call(
                                                                    [
                                                                        [
                                                                            Ident(
                                                                                [
                                                                                    Symbol(
                                                                                        "x",
                                                                                    ),
                                                                                ],
                                                                            ),
                                                                        ],
                                                                        [
                                                                            Ident(
                                                                                [
                                                                                    Symbol(
                                                                                        "y",
                                                                                    ),
                                                                                ],
                                                                            ),
                                                                        ],
                                                                    ],
                                                                ),
                                                            ],
                                                        ),
                                                    ],
                                                ],
                                            ),
                                        ),
                                    ],
                                    end: 29,
                                },
                                next: None,
                            },
                        ],
                        end: 38,
                    },
                    next: None,
                },
                Ident(
                    [
                        Symbol(
                            "error",
                        ),
                        Call(
                            [
                                [
                                    Symbol(
                                        "\"attempt to '\"",
                                    ),
                                    Operator(
                                        (
                                            "..",
                                            true,
                                        ),
                                    ),
                                    Ident(
                                        [
                                            Symbol(
                                                "strsub",
                                            ),
                                            Call(
                                                [
                                                    [
                                                        Ident(
                                                            [
                                                                Symbol(
                                                                    "mtname",
                                                                ),
                                                            ],
                                                        ),
                                                    ],
                                                    [
                                                        Number(
                                                            Decimal(
                                                                Decimal {
                                                                    before_decimal: "3",
                                                                    after_decimal: "",
                                                                },
                                                            ),
                                                        ),
                                                    ],
                                                ],
                                            ),
                                        ],
                                    ),
                                    Operator(
                                        (
                                            "..",
                                            true,
                                        ),
                                    ),
                                    Symbol(
                                        "\"' a \"",
                                    ),
                                    Operator(
                                        (
                                            "..",
                                            true,
                                        ),
                                    ),
                                    Ident(
                                        [
                                            Symbol(
                                                "type",
                                            ),
                                            Call(
                                                [
                                                    [
                                                        Ident(
                                                            [
                                                                Symbol(
                                                                    "x",
                                                                ),
                                                            ],
                                                        ),
                                                    ],
                                                ],
                                            ),
                                        ],
                                    ),
                                    Operator(
                                        (
                                            "..",
                                            true,
                                        ),
                                    ),
                                    Symbol(
                                        "\" with a \"",
                                    ),
                                    Operator(
                                        (
                                            "..",
                                            true,
                                        ),
                                    ),
                                    Ident(
                                        [
                                            Symbol(
                                                "type",
                                            ),
                                            Call(
                                                [
                                                    [
                                                        Ident(
                                                            [
                                                                Symbol(
                                                                    "y",
                                                                ),
                                                            ],
                                                        ),
                                                    ],
                                                ],
                                            ),
                                        ],
                                    ),
                                ],
                                [
                                    Number(
                                        Decimal(
                                            Decimal {
                                                before_decimal: "4",
                                                after_decimal: "",
                                            },
                                        ),
                                    ),
                                ],
                            ],
                        ),
                    ],
                ),
            ],
            end: 140,
        },
    },
    Function {
        local: true,
        name: [
            Symbol(
                "checkargs",
            ),
        ],
        args: [
            "x",
            "y",
            "mtname",
        ],
        body: CodeBlock {
            start: 150,
            code: [
                Variable {
                    names: [
                        (
                            "xi",
                            false,
                        ),
                    ],
                    values: [
                        [
                            Ident(
                                [
                                    Symbol(
                                        "toint",
                                    ),
                                    Call(
                                        [
                                            [
                                                Ident(
                                                    [
                                                        Symbol(
                                                            "x",
                                                        ),
                                                    ],
                                                ),
                                            ],
                                        ],
                                    ),
                                ],
                            ),
                        ],
                    ],
                },
                Variable {
                    names: [
                        (
                            "yi",
                            false,
                        ),
                    ],
                    values: [
                        [
                            Ident(
                                [
                                    Symbol(
                                        "toint",
                                    ),
                                    Call(
                                        [
                                            [
                                                Ident(
                                                    [
                                                        Symbol(
                                                            "y",
                                                        ),
                                                    ],
                                                ),
                                            ],
                                        ],
                                    ),
                                ],
                            ),
                        ],
                    ],
                },
                IfStatement {
                    condition: [
                        Ident(
                            [
                                Symbol(
                                    "xi",
                                ),
                            ],
                        ),
                        Operator(
                            (
                                "and",
                                true,
                            ),
                        ),
                        Ident(
                            [
                                Symbol(
                                    "yi",
                                ),
                            ],
                        ),
                    ],
                    body: CodeBlock {
                        start: 19,
                        code: [
                            Return(
                                Some(
                                    [
                                        [
                                            Ident(
                                                [
                                                    Symbol(
                                                        "xi",
                                                    ),
                                                ],
                                            ),
                                        ],
                                        [
                                            Ident(
                                                [
                                                    Symbol(
                                                        "yi",
                                                    ),
                                                ],
                                            ),
                                        ],
                                    ],
                                ),
                            ),
                        ],
                        end: 24,
                    },
                    next: Some(
                        IfStatement {
                            condition: [],
                            body: CodeBlock {
                                start: 24,
                                code: [
                                    Return(
                                        Some(
                                            [
                                                [
                                                    Ident(
                                                        [
                                                            Symbol(
                                                                "trymt",
                                                            ),
                                                            Call(
                                                                [
                                                                    [
                                                                        Ident(
                                                                            [
                                                                                Symbol(
                                                                                    "x",
                                                                                ),
                                                                            ],
                                                                        ),
                                                                    ],
                                                                    [
                                                                        Ident(
                                                                            [
                                                                                Symbol(
                                                                                    "y",
                                                                                ),
                                                                            ],
                                                                        ),
                                                                    ],
                                                                    [
                                                                        Ident(
                                                                            [
                                                                                Symbol(
                                                                                    "mtname",
                                                                                ),
                                                                            ],
                                                                        ),
                                                                    ],
                                                                ],
                                                            ),
                                                        ],
                                                    ),
                                                ],
                                                [
                                                    Symbol(
                                                        "nil",
                                                    ),
                                                ],
                                            ],
                                        ),
                                    ),
                                ],
                                end: 36,
                            },
                            next: None,
                        },
                    ),
                },
            ],
            end: 187,
        },
    },
    Variable {
        names: [
            (
                "smt",
                false,
            ),
        ],
        values: [
            [
                Ident(
                    [
                        Symbol(
                            "getmetatable",
                        ),
                        Call(
                            [
                                [
                                    Symbol(
                                        "\"\"",
                                    ),
                                ],
                            ],
                        ),
                    ],
                ),
            ],
        ],
    },
    Alter {
        names: [
            Ident(
                [
                    Symbol(
                        "smt",
                    ),
                    Symbol(
                        ".",
                    ),
                    Symbol(
                        "__band",
                    ),
                ],
            ),
        ],
        values: [
            [
                Lambda {
                    args: [
                        "x",
                        "y",
                    ],
                    body: CodeBlock {
                        start: 204,
                        code: [
                            Variable {
                                names: [
                                    (
                                        "x",
                                        false,
                                    ),
                                    (
                                        "y",
                                        false,
                                    ),
                                ],
                                values: [
                                    [
                                        Ident(
                                            [
                                                Symbol(
                                                    "checkargs",
                                                ),
                                                Call(
                                                    [
                                                        [
                                                            Ident(
                                                                [
                                                                    Symbol(
                                                                        "x",
                                                                    ),
                                                                ],
                                                            ),
                                                        ],
                                                        [
                                                            Ident(
                                                                [
                                                                    Symbol(
                                                                        "y",
                                                                    ),
                                                                ],
                                                            ),
                                                        ],
                                                        [
                                                            Symbol(
                                                                "\"__band\"",
                                                            ),
                                                        ],
                                                    ],
                                                ),
                                            ],
                                        ),
                                    ],
                                ],
                            },
                            Return(
                                Some(
                                    [
                                        [
                                            Ident(
                                                [
                                                    Symbol(
                                                        "y",
                                                    ),
                                                ],
                                            ),
                                            Operator(
                                                (
                                                    "and",
                                                    true,
                                                ),
                                            ),
                                            Ident(
                                                [
                                                    Symbol(
                                                        "x",
                                                    ),
                                                ],
                                            ),
                                            Operator(
                                                (
                                                    "&",
                                                    true,
                                                ),
                                            ),
                                            Ident(
                                                [
                                                    Symbol(
                                                        "y",
                                                    ),
                                                ],
                                            ),
                                            Operator(
                                                (
                                                    "or",
                                                    true,
                                                ),
                                            ),
                                            Ident(
                                                [
                                                    Symbol(
                                                        "x",
                                                    ),
                                                ],
                                            ),
                                        ],
                                    ],
                                ),
                            ),
                        ],
                        end: 226,
                    },
                },
            ],
        ],
    },
    Alter {
        names: [
            Ident(
                [
                    Symbol(
                        "smt",
                    ),
                    Symbol(
                        ".",
                    ),
                    Symbol(
                        "__bor",
                    ),
                ],
            ),
        ],
        values: [
            [
                Lambda {
                    args: [
                        "x",
                        "y",
                    ],
                    body: CodeBlock {
                        start: 236,
                        code: [
                            Variable {
                                names: [
                                    (
                                        "x",
                                        false,
                                    ),
                                    (
                                        "y",
                                        false,
                                    ),
                                ],
                                values: [
                                    [
                                        Ident(
                                            [
                                                Symbol(
                                                    "checkargs",
                                                ),
                                                Call(
                                                    [
                                                        [
                                                            Ident(
                                                                [
                                                                    Symbol(
                                                                        "x",
                                                                    ),
                                                                ],
                                                            ),
                                                        ],
                                                        [
                                                            Ident(
                                                                [
                                                                    Symbol(
                                                                        "y",
                                                                    ),
                                                                ],
                                                            ),
                                                        ],
                                                        [
                                                            Symbol(
                                                                "\"__bor\"",
                                                            ),
                                                        ],
                                                    ],
                                                ),
                                            ],
                                        ),
                                    ],
                                ],
                            },
                            Return(
                                Some(
                                    [
                                        [
                                            Ident(
                                                [
                                                    Symbol(
                                                        "y",
                                                    ),
                                                ],
                                            ),
                                            Operator(
                                                (
                                                    "and",
                                                    true,
                                                ),
                                            ),
                                            Ident(
                                                [
                                                    Symbol(
                                                        "x",
                                                    ),
                                                ],
                                            ),
                                            Operator(
                                                (
                                                    "|",
                                                    true,
                                                ),
                                            ),
                                            Ident(
                                                [
                                                    Symbol(
                                                        "y",
                                                    ),
                                                ],
                                            ),
                                            Operator(
                                                (
                                                    "or",
                                                    true,
                                                ),
                                            ),
                                            Ident(
                                                [
                                                    Symbol(
                                                        "x",
                                                    ),
                                                ],
                                            ),
                                        ],
                                    ],
                                ),
                            ),
                        ],
                        end: 258,
                    },
                },
            ],
        ],
    },
    Alter {
        names: [
            Ident(
                [
                    Symbol(
                        "smt",
                    ),
                    Symbol(
                        ".",
                    ),
                    Symbol(
                        "__bxor",
                    ),
                ],
            ),
        ],
        values: [
            [
                Lambda {
                    args: [
                        "x",
                        "y",
                    ],
                    body: CodeBlock {
                        start: 268,
                        code: [
                            Variable {
                                names: [
                                    (
                                        "x",
                                        false,
                                    ),
                                    (
                                        "y",
                                        false,
                                    ),
                                ],
                                values: [
                                    [
                                        Ident(
                                            [
                                                Symbol(
                                                    "checkargs",
                                                ),
                                                Call(
                                                    [
                                                        [
                                                            Ident(
                                                                [
                                                                    Symbol(
                                                                        "x",
                                                                    ),
                                                                ],
                                                            ),
                                                        ],
                                                        [
                                                            Ident(
                                                                [
                                                                    Symbol(
                                                                        "y",
                                                                    ),
                                                                ],
                                                            ),
                                                        ],
                                                        [
                                                            Symbol(
                                                                "\"__bxor\"",
                                                            ),
                                                        ],
                                                    ],
                                                ),
                                            ],
                                        ),
                                    ],
                                ],
                            },
                            Return(
                                Some(
                                    [
                                        [
                                            Ident(
                                                [
                                                    Symbol(
                                                        "y",
                                                    ),
                                                ],
                                            ),
                                            Operator(
                                                (
                                                    "and",
                                                    true,
                                                ),
                                            ),
                                            Ident(
                                                [
                                                    Symbol(
                                                        "x",
                                                    ),
                                                ],
                                            ),
                                            Operator(
                                                (
                                                    "~",
                                                    true,
                                                ),
                                            ),
                                            Ident(
                                                [
                                                    Symbol(
                                                        "y",
                                                    ),
                                                ],
                                            ),
                                            Operator(
                                                (
                                                    "or",
                                                    true,
                                                ),
                                            ),
                                            Ident(
                                                [
                                                    Symbol(
                                                        "x",
                                                    ),
                                                ],
                                            ),
                                        ],
                                    ],
                                ),
                            ),
                        ],
                        end: 290,
                    },
                },
            ],
        ],
    },
    Alter {
        names: [
            Ident(
                [
                    Symbol(
                        "smt",
                    ),
                    Symbol(
                        ".",
                    ),
                    Symbol(
                        "__shl",
                    ),
                ],
            ),
        ],
        values: [
            [
                Lambda {
                    args: [
                        "x",
                        "y",
                    ],
                    body: CodeBlock {
                        start: 300,
                        code: [
                            Variable {
                                names: [
                                    (
                                        "x",
                                        false,
                                    ),
                                    (
                                        "y",
                                        false,
                                    ),
                                ],
                                values: [
                                    [
                                        Ident(
                                            [
                                                Symbol(
                                                    "checkargs",
                                                ),
                                                Call(
                                                    [
                                                        [
                                                            Ident(
                                                                [
                                                                    Symbol(
                                                                        "x",
                                                                    ),
                                                                ],
                                                            ),
                                                        ],
                                                        [
                                                            Ident(
                                                                [
                                                                    Symbol(
                                                                        "y",
                                                                    ),
                                                                ],
                                                            ),
                                                        ],
                                                        [
                                                            Symbol(
                                                                "\"__shl\"",
                                                            ),
                                                        ],
                                                    ],
                                                ),
                                            ],
                                        ),
                                    ],
                                ],
                            },
                            Return(
                                Some(
                                    [
                                        [
                                            Ident(
                                                [
                                                    Symbol(
                                                        "y",
                                                    ),
                                                ],
                                            ),
                                            Operator(
                                                (
                                                    "and",
                                                    true,
                                                ),
                                            ),
                                            Ident(
                                                [
                                                    Symbol(
                                                        "x",
                                                    ),
                                                ],
                                            ),
                                            Operator(
                                                (
                                                    "<<",
                                                    true,
                                                ),
                                            ),
                                            Ident(
                                                [
                                                    Symbol(
                                                        "y",
                                                    ),
                                                ],
                                            ),
                                            Operator(
                                                (
                                                    "or",
                                                    true,
                                                ),
                                            ),
                                            Ident(
                                                [
                                                    Symbol(
                                                        "x",
                                                    ),
                                                ],
                                            ),
                                        ],
                                    ],
                                ),
                            ),
                        ],
                        end: 322,
                    },
                },
            ],
        ],
    },
    Alter {
        names: [
            Ident(
                [
                    Symbol(
                        "smt",
                    ),
                    Symbol(
                        ".",
                    ),
                    Symbol(
                        "__shr",
                    ),
                ],
            ),
        ],
        values: [
            [
                Lambda {
                    args: [
                        "x",
                        "y",
                    ],
                    body: CodeBlock {
                        start: 332,
                        code: [
                            Variable {
                                names: [
                                    (
                                        "x",
                                        false,
                                    ),
                                    (
                                        "y",
                                        false,
                                    ),
                                ],
                                values: [
                                    [
                                        Ident(
                                            [
                                                Symbol(
                                                    "checkargs",
                                                ),
                                                Call(
                                                    [
                                                        [
                                                            Ident(
                                                                [
                                                                    Symbol(
                                                                        "x",
                                                                    ),
                                                                ],
                                                            ),
                                                        ],
                                                        [
                                                            Ident(
                                                                [
                                                                    Symbol(
                                                                        "y",
                                                                    ),
                                                                ],
                                                            ),
                                                        ],
                                                        [
                                                            Symbol(
                                                                "\"__shr\"",
                                                            ),
                                                        ],
                                                    ],
                                                ),
                                            ],
                                        ),
                                    ],
                                ],
                            },
                            Return(
                                Some(
                                    [
                                        [
                                            Ident(
                                                [
                                                    Symbol(
                                                        "y",
                                                    ),
                                                ],
                                            ),
                                            Operator(
                                                (
                                                    "and",
                                                    true,
                                                ),
                                            ),
                                            Ident(
                                                [
                                                    Symbol(
                                                        "x",
                                                    ),
                                                ],
                                            ),
                                            Operator(
                                                (
                                                    ">>",
                                                    true,
                                                ),
                                            ),
                                            Ident(
                                                [
                                                    Symbol(
                                                        "y",
                                                    ),
                                                ],
                                            ),
                                            Operator(
                                                (
                                                    "or",
                                                    true,
                                                ),
                                            ),
                                            Ident(
                                                [
                                                    Symbol(
                                                        "x",
                                                    ),
                                                ],
                                            ),
                                        ],
                                    ],
                                ),
                            ),
                        ],
                        end: 354,
                    },
                },
            ],
        ],
    },
    Alter {
        names: [
            Ident(
                [
                    Symbol(
                        "smt",
                    ),
                    Symbol(
                        ".",
                    ),
                    Symbol(
                        "__bnot",
                    ),
                ],
            ),
        ],
        values: [
            [
                Lambda {
                    args: [
                        "x",
                    ],
                    body: CodeBlock {
                        start: 362,
                        code: [
                            Variable {
                                names: [
                                    (
                                        "x",
                                        false,
                                    ),
                                    (
                                        "y",
                                        false,
                                    ),
                                ],
                                values: [
                                    [
                                        Ident(
                                            [
                                                Symbol(
                                                    "checkargs",
                                                ),
                                                Call(
                                                    [
                                                        [
                                                            Ident(
                                                                [
                                                                    Symbol(
                                                                        "x",
                                                                    ),
                                                                ],
                                                            ),
                                                        ],
                                                        [
                                                            Ident(
                                                                [
                                                                    Symbol(
                                                                        "x",
                                                                    ),
                                                                ],
                                                            ),
                                                        ],
                                                        [
                                                            Symbol(
                                                                "\"__bnot\"",
                                                            ),
                                                        ],
                                                    ],
                                                ),
                                            ],
                                        ),
                                    ],
                                ],
                            },
                            Return(
                                Some(
                                    [
                                        [
                                            Ident(
                                                [
                                                    Symbol(
                                                        "y",
                                                    ),
                                                ],
                                            ),
                                            Operator(
                                                (
                                                    "and",
                                                    true,
                                                ),
                                            ),
                                            Operator(
                                                (
                                                    "~",
                                                    false,
                                                ),
                                            ),
                                            Ident(
                                                [
                                                    Symbol(
                                                        "x",
                                                    ),
                                                ],
                                            ),
                                            Operator(
                                                (
                                                    "or",
                                                    true,
                                                ),
                                            ),
                                            Ident(
                                                [
                                                    Symbol(
                                                        "x",
                                                    ),
                                                ],
                                            ),
                                        ],
                                    ],
                                ),
                            ),
                        ],
                        end: 383,
                    },
                },
            ],
        ],
    },
]
